Archive member included to satisfy reference by file (symbol)

c:/program files (x86)/atmel/studio/7.0/toolchain/arm/arm-gnu-toolchain/bin/../lib/gcc/arm-none-eabi/6.3.1/../../../../arm-none-eabi/lib/thumb/v7e-m\libm.a(lib_a-w_sqrt.o)
                              src/apps_dsp/index.o (sqrt)
c:/program files (x86)/atmel/studio/7.0/toolchain/arm/arm-gnu-toolchain/bin/../lib/gcc/arm-none-eabi/6.3.1/../../../../arm-none-eabi/lib/thumb/v7e-m\libm.a(lib_a-e_sqrt.o)
                              c:/program files (x86)/atmel/studio/7.0/toolchain/arm/arm-gnu-toolchain/bin/../lib/gcc/arm-none-eabi/6.3.1/../../../../arm-none-eabi/lib/thumb/v7e-m\libm.a(lib_a-w_sqrt.o) (__ieee754_sqrt)
c:/program files (x86)/atmel/studio/7.0/toolchain/arm/arm-gnu-toolchain/bin/../lib/gcc/arm-none-eabi/6.3.1/../../../../arm-none-eabi/lib/thumb/v7e-m\libm.a(lib_a-s_lib_ver.o)
                              c:/program files (x86)/atmel/studio/7.0/toolchain/arm/arm-gnu-toolchain/bin/../lib/gcc/arm-none-eabi/6.3.1/../../../../arm-none-eabi/lib/thumb/v7e-m\libm.a(lib_a-w_sqrt.o) (__fdlib_version)
c:/program files (x86)/atmel/studio/7.0/toolchain/arm/arm-gnu-toolchain/bin/../lib/gcc/arm-none-eabi/6.3.1/../../../../arm-none-eabi/lib/thumb/v7e-m\libm.a(lib_a-s_matherr.o)
                              c:/program files (x86)/atmel/studio/7.0/toolchain/arm/arm-gnu-toolchain/bin/../lib/gcc/arm-none-eabi/6.3.1/../../../../arm-none-eabi/lib/thumb/v7e-m\libm.a(lib_a-w_sqrt.o) (matherr)
c:/program files (x86)/atmel/studio/7.0/toolchain/arm/arm-gnu-toolchain/bin/../lib/gcc/arm-none-eabi/6.3.1/thumb/v7e-m\libgcc.a(_arm_addsubdf3.o)
                              c:/program files (x86)/atmel/studio/7.0/toolchain/arm/arm-gnu-toolchain/bin/../lib/gcc/arm-none-eabi/6.3.1/../../../../arm-none-eabi/lib/thumb/v7e-m\libm.a(lib_a-e_sqrt.o) (__aeabi_dsub)
c:/program files (x86)/atmel/studio/7.0/toolchain/arm/arm-gnu-toolchain/bin/../lib/gcc/arm-none-eabi/6.3.1/thumb/v7e-m\libgcc.a(_arm_muldivdf3.o)
                              c:/program files (x86)/atmel/studio/7.0/toolchain/arm/arm-gnu-toolchain/bin/../lib/gcc/arm-none-eabi/6.3.1/../../../../arm-none-eabi/lib/thumb/v7e-m\libm.a(lib_a-e_sqrt.o) (__aeabi_dmul)
c:/program files (x86)/atmel/studio/7.0/toolchain/arm/arm-gnu-toolchain/bin/../lib/gcc/arm-none-eabi/6.3.1/thumb/v7e-m\libgcc.a(_arm_cmpdf2.o)
                              c:/program files (x86)/atmel/studio/7.0/toolchain/arm/arm-gnu-toolchain/bin/../lib/gcc/arm-none-eabi/6.3.1/../../../../arm-none-eabi/lib/thumb/v7e-m\libm.a(lib_a-w_sqrt.o) (__aeabi_dcmplt)
c:/program files (x86)/atmel/studio/7.0/toolchain/arm/arm-gnu-toolchain/bin/../lib/gcc/arm-none-eabi/6.3.1/thumb/v7e-m\libgcc.a(_arm_unorddf2.o)
                              c:/program files (x86)/atmel/studio/7.0/toolchain/arm/arm-gnu-toolchain/bin/../lib/gcc/arm-none-eabi/6.3.1/../../../../arm-none-eabi/lib/thumb/v7e-m\libm.a(lib_a-w_sqrt.o) (__aeabi_dcmpun)
c:/program files (x86)/atmel/studio/7.0/toolchain/arm/arm-gnu-toolchain/bin/../lib/gcc/arm-none-eabi/6.3.1/thumb/v7e-m\libgcc.a(_arm_fixdfsi.o)
                              src/apps_dsp/index.o (__aeabi_d2iz)
c:/program files (x86)/atmel/studio/7.0/toolchain/arm/arm-gnu-toolchain/bin/../lib/gcc/arm-none-eabi/6.3.1/thumb/v7e-m\libgcc.a(_aeabi_ldivmod.o)
                              src/apps_dsp/index.o (__aeabi_ldivmod)
c:/program files (x86)/atmel/studio/7.0/toolchain/arm/arm-gnu-toolchain/bin/../lib/gcc/arm-none-eabi/6.3.1/thumb/v7e-m\libgcc.a(_udivmoddi4.o)
                              c:/program files (x86)/atmel/studio/7.0/toolchain/arm/arm-gnu-toolchain/bin/../lib/gcc/arm-none-eabi/6.3.1/thumb/v7e-m\libgcc.a(_aeabi_ldivmod.o) (__udivmoddi4)
c:/program files (x86)/atmel/studio/7.0/toolchain/arm/arm-gnu-toolchain/bin/../lib/gcc/arm-none-eabi/6.3.1/thumb/v7e-m\libgcc.a(_dvmd_tls.o)
                              c:/program files (x86)/atmel/studio/7.0/toolchain/arm/arm-gnu-toolchain/bin/../lib/gcc/arm-none-eabi/6.3.1/thumb/v7e-m\libgcc.a(_aeabi_ldivmod.o) (__aeabi_ldiv0)
c:/program files (x86)/atmel/studio/7.0/toolchain/arm/arm-gnu-toolchain/bin/../lib/gcc/arm-none-eabi/6.3.1/../../../../arm-none-eabi/lib/thumb/v7e-m\libc.a(lib_a-errno.o)
                              c:/program files (x86)/atmel/studio/7.0/toolchain/arm/arm-gnu-toolchain/bin/../lib/gcc/arm-none-eabi/6.3.1/../../../../arm-none-eabi/lib/thumb/v7e-m\libm.a(lib_a-w_sqrt.o) (__errno)
c:/program files (x86)/atmel/studio/7.0/toolchain/arm/arm-gnu-toolchain/bin/../lib/gcc/arm-none-eabi/6.3.1/../../../../arm-none-eabi/lib/thumb/v7e-m\libc.a(lib_a-exit.o)
                              c:/program files (x86)/atmel/studio/7.0/toolchain/arm/arm-gnu-toolchain/bin/../lib/gcc/arm-none-eabi/6.3.1/../../../../arm-none-eabi/lib/thumb/v7e-m/crt0.o (exit)
c:/program files (x86)/atmel/studio/7.0/toolchain/arm/arm-gnu-toolchain/bin/../lib/gcc/arm-none-eabi/6.3.1/../../../../arm-none-eabi/lib/thumb/v7e-m\libc.a(lib_a-impure.o)
[...]
Memory Configuration

Name             Origin             Length             Attributes
rom              0x00400000         0x00080000         xr
ram              0x20000000         0x00020000         xrw
*default*        0x00000000         0xffffffff

Linker script and memory map

LOAD c:/program files (x86)/atmel/studio/7.0/toolchain/arm/arm-gnu-toolchain/bin/../lib/gcc/arm-none-eabi/6.3.1/thumb/v7e-m/crti.o
LOAD c:/program files (x86)/atmel/studio/7.0/toolchain/arm/arm-gnu-toolchain/bin/../lib/gcc/arm-none-eabi/6.3.1/thumb/v7e-m/crtbegin.o
LOAD c:/program files (x86)/atmel/studio/7.0/toolchain/arm/arm-gnu-toolchain/bin/../lib/gcc/arm-none-eabi/6.3.1/../../../../arm-none-eabi/lib/thumb/v7e-m/crt0.o
LOAD src/api/control_api.o
LOAD src/api/fw_api.o
LOAD src/apps/control.o
LOAD src/apps/signal_pwm.o
LOAD src/apps/system.o
LOAD src/apps/usb.o
LOAD src/apps_dsp/index.o
LOAD src/apps_dsp/loop.o
LOAD src/apps_dsp/signal_adc.o
LOAD src/apps_dsp/signal_processing.o
LOAD src/apps_dsp/trend.o
LOAD src/ASF/common/services/serial/usart_serial.o
LOAD src/ASF/common/services/sleepmgr/sam/sleepmgr.o
LOAD src/ASF/common/services/usb/class/cdc/device/udi_cdc.o
LOAD src/ASF/common/services/usb/class/cdc/device/udi_cdc_desc.o
LOAD src/ASF/common/services/usb/udc/udc.o
LOAD src/ASF/sam/drivers/adc/adc.o
LOAD src/ASF/sam/drivers/adc/adc_sam3u.o
LOAD src/ASF/sam/drivers/matrix/matrix.o
LOAD src/ASF/sam/drivers/pdc/pdc.o
LOAD src/ASF/sam/drivers/pio/pio_handler.o
LOAD src/ASF/sam/drivers/pwm/pwm.o
LOAD src/ASF/sam/drivers/uart/uart.o
LOAD src/ASF/sam/drivers/udp/udp_device.o
LOAD src/ASF/sam/drivers/usart/usart.o
LOAD src/comm/app_layer.o
LOAD src/comm/comm.o
LOAD src/utils/byte_string_operations.o
LOAD src/utils/lut.o
LOAD src/ASF/common/services/delay/sam/cycle_counter.o
LOAD src/ASF/common/services/clock/sam4s/sysclk.o
LOAD src/ASF/sam/drivers/pio/pio.o
LOAD src/ASF/sam/drivers/pmc/pmc.o
LOAD src/ASF/sam/drivers/pmc/sleep.o
LOAD src/ASF/common/boards/user_board/init.o
LOAD src/ASF/common/utils/interrupt/interrupt_sam_nvic.o
LOAD src/ASF/sam/utils/cmsis/sam4s/source/templates/gcc/startup_sam4s.o
LOAD src/ASF/sam/utils/cmsis/sam4s/source/templates/system_sam4s.o
LOAD src/ASF/sam/utils/syscalls/gcc/syscalls.o
LOAD src/main.o
START GROUP
LOAD ../src/ASF/thirdparty/CMSIS/Lib/GCC\libarm_cortexM4l_math.a
LOAD c:/program files (x86)/atmel/studio/7.0/toolchain/arm/arm-gnu-toolchain/bin/../lib/gcc/arm-none-eabi/6.3.1/../../../../arm-none-eabi/lib/thumb/v7e-m\libm.a
END GROUP
START GROUP
LOAD c:/program files (x86)/atmel/studio/7.0/toolchain/arm/arm-gnu-toolchain/bin/../lib/gcc/arm-none-eabi/6.3.1/thumb/v7e-m\libgcc.a
LOAD c:/program files (x86)/atmel/studio/7.0/toolchain/arm/arm-gnu-toolchain/bin/../lib/gcc/arm-none-eabi/6.3.1/../../../../arm-none-eabi/lib/thumb/v7e-m\libc.a
END GROUP
LOAD c:/program files (x86)/atmel/studio/7.0/toolchain/arm/arm-gnu-toolchain/bin/../lib/gcc/arm-none-eabi/6.3.1/thumb/v7e-m/crtend.o
LOAD c:/program files (x86)/atmel/studio/7.0/toolchain/arm/arm-gnu-toolchain/bin/../lib/gcc/arm-none-eabi/6.3.1/thumb/v7e-m/crtn.o
                0x00003000                __stack_size__ = DEFINED (__stack_size__)?__stack_size__:0x3000
                0x2001fffc                __ram_end__ = ((ORIGIN (ram) + LENGTH (ram)) - 0x4)

.text           0x00400000     0x5434
                0x00400000                . = ALIGN (0x4)
                0x00400000                _sfixed = .
 *(.vectors .vectors.*)
 .vectors       0x00400000       0xcc src/ASF/sam/utils/cmsis/sam4s/source/templates/gcc/startup_sam4s.o
                0x00400000                exception_table
 *(.text .text.* .gnu.linkonce.t.*)
 .text          0x004000cc       0x6c c:/program files (x86)/atmel/studio/7.0/toolchain/arm/arm-gnu-toolchain/bin/../lib/gcc/arm-none-eabi/6.3.1/thumb/v7e-m/crtbegin.o
 .text.API_CONTROL_start_req
                0x00400138       0x2c src/api/control_api.o
                0x00400138                API_CONTROL_start_req
 .text.API_CONTROL_stop_req
                0x00400164       0x2c src/api/control_api.o
                0x00400164                API_CONTROL_stop_req
 .text.API_CONTROL_set_signal_params_req
                0x00400190       0x54 src/api/control_api.o
                0x00400190                API_CONTROL_set_signal_params_req
 .text.API_CONTROL_trend_req
                0x004001e4       0x8c src/api/control_api.o
                0x004001e4                API_CONTROL_trend_req
 .text.API_CONTROL_use_custom_lut_req
                0x00400270       0x24 src/api/control_api.o
                0x00400270                API_CONTROL_use_custom_lut_req
 .text.API_CONTROL_set_custom_lut_req
                0x00400294        0x8 src/api/control_api.o
                0x00400294                API_CONTROL_set_custom_lut_req
 .text.API_CONTROL_telemetry_req
                0x0040029c       0x28 src/api/control_api.o
                0x0040029c                API_CONTROL_telemetry_req
 .text.API_CONTROL_set_pwm_duty_req
                0x004002c4       0x40 src/api/control_api.o
                0x004002c4                API_CONTROL_set_pwm_duty_req
 .text.API_FW_ARM_version_req
                0x00400304       0x98 src/api/fw_api.o
                0x00400304                API_FW_ARM_version_req
 .text.API_FW_ARM_echo_req
                0x0040039c       0x20 src/api/fw_api.o
                0x0040039c                API_FW_ARM_echo_req
 .text.API_FW_ARM_unknow_msg_id
                0x004003bc       0x1c src/api/fw_api.o
                0x004003bc                API_FW_ARM_unknow_msg_id
 .text.control_init
                0x004003d8       0x70 src/apps/control.o
                0x004003d8                control_init
 .text.control_update
                0x00400448       0x7c src/apps/control.o
                0x00400448                control_update
 .text.control_background
                0x004004c4       0x74 src/apps/control.o
                0x004004c4                control_background
 .text.control_set_params
                0x00400538       0x20 src/apps/control.o
                0x00400538                control_set_params
 .text.control_enable
                0x00400558       0x50 src/apps/control.o
                0x00400558                control_enable
 .text.control_get_trend
                0x004005a8        0x8 src/apps/control.o
                0x004005a8                control_get_trend
 .text.control_is_enable
                0x004005b0        0xc src/apps/control.o
                0x004005b0                control_is_enable
 .text.control_get_params
                0x004005bc        0x8 src/apps/control.o
                0x004005bc                control_get_params
 .text.control_check_param_change
                0x004005c4       0x4c src/apps/control.o
                0x004005c4                control_check_param_change
 .text.control_get_pwm_duty_buf
                0x00400610        0x8 src/apps/control.o
                0x00400610                control_get_pwm_duty_buf
 .text.control_set_pwm_duty
                0x00400618        0xc src/apps/control.o
                0x00400618                control_set_pwm_duty
 .text.signal_pwm_init
                0x00400624      0x104 src/apps/signal_pwm.o
                0x00400624                signal_pwm_init
 .text.signal_pwm_enable
                0x00400728        0x2 src/apps/signal_pwm.o
                0x00400728                signal_pwm_enable
 *fill*         0x0040072a        0x2 
 .text.system_init
                0x0040072c      0x134 src/apps/system.o
                0x0040072c                system_init
 .text.system_ready
                0x00400860       0x44 src/apps/system.o
                0x00400860                system_ready
 .text.system_enable_interrupt
                0x004008a4       0x94 src/apps/system.o
                0x004008a4                system_enable_interrupt
 .text.my_callback_cdc_enable
                0x00400938        0xc src/apps/usb.o
                0x00400938                my_callback_cdc_enable
 .text.my_callback_cdc_disable
                0x00400944        0xc src/apps/usb.o
                0x00400944                my_callback_cdc_disable
 .text.my_callback_cdc_rx_notify
                0x00400950       0x14 src/apps/usb.o
                0x00400950                my_callback_cdc_rx_notify
 .text.my_callback_cdc_set_dtr
                0x00400964       0x14 src/apps/usb.o
                0x00400964                my_callback_cdc_set_dtr
 .text.index_update_accum
                0x00400978       0xac src/apps_dsp/index.o
                0x00400978                index_update_accum
 .text.index_update_result
                0x00400a24       0xf8 src/apps_dsp/index.o
                0x00400a24                index_update_result
 .text.signal_adc_update
                0x00400b1c       0x94 src/apps_dsp/signal_adc.o
                0x00400b1c                signal_adc_update
 .text.signal_adc_init
                0x00400bb0      0x144 src/apps_dsp/signal_adc.o
                0x00400bb0                signal_adc_init
 .text.signal_adc_start_conversion
                0x00400cf4       0x10 src/apps_dsp/signal_adc.o
                0x00400cf4                signal_adc_start_conversion
 .text.signal_adc_process_data
                0x00400d04       0x74 src/apps_dsp/signal_adc.o
                0x00400d04                signal_adc_process_data
 .text.signal_process
                0x00400d78      0x12c src/apps_dsp/signal_processing.o
                0x00400d78                signal_process
 .text.update_AvgMaxMin_int32_int64
                0x00400ea4       0x44 src/apps_dsp/trend.o
 .text.trend_reset_accum
                0x00400ee8       0x70 src/apps_dsp/trend.o
                0x00400ee8                trend_reset_accum
 .text.trend_reset_result
                0x00400f58       0x10 src/apps_dsp/trend.o
                0x00400f58                trend_reset_result
 .text.trend_update_accum
                0x00400f68       0xa0 src/apps_dsp/trend.o
                0x00400f68                trend_update_accum
 .text.trend_update_result
                0x00401008      0x120 src/apps_dsp/trend.o
                0x00401008                trend_update_result
 .text.cpu_irq_save
                0x00401128       0x24 src/ASF/common/services/usb/class/cdc/device/udi_cdc.o
 .text.udi_cdc_comm_disable
                0x0040114c       0x10 src/ASF/common/services/usb/class/cdc/device/udi_cdc.o
                0x0040114c                udi_cdc_comm_disable
 .text.udi_cdc_data_setup
                0x0040115c        0x4 src/ASF/common/services/usb/class/cdc/device/udi_cdc.o
                0x0040115c                udi_cdc_data_setup
 .text.udi_cdc_getsetting
                0x00401160        0x4 src/ASF/common/services/usb/class/cdc/device/udi_cdc.o
                0x00401160                udi_cdc_getsetting
 .text.udi_cdc_line_coding_received
                0x00401164        0x2 src/ASF/common/services/usb/class/cdc/device/udi_cdc.o
 *fill*         0x00401166        0x2 
 .text.udi_cdc_data_disable
                0x00401168       0x28 src/ASF/common/services/usb/class/cdc/device/udi_cdc.o
                0x00401168                udi_cdc_data_disable
 .text.cpu_irq_restore
                0x00401190       0x14 src/ASF/common/services/usb/class/cdc/device/udi_cdc.o
 .text.udi_cdc_comm_enable
                0x004011a4       0x54 src/ASF/common/services/usb/class/cdc/device/udi_cdc.o
                0x004011a4                udi_cdc_comm_enable
 .text.udi_cdc_tx_send.isra.2
                0x004011f8      0x118 src/ASF/common/services/usb/class/cdc/device/udi_cdc.o
 .text.udi_cdc_data_sof_notify
                0x00401310        0x8 src/ASF/common/services/usb/class/cdc/device/udi_cdc.o
                0x00401310                udi_cdc_data_sof_notify
 .text.udi_cdc_data_sent
                0x00401318       0x34 src/ASF/common/services/usb/class/cdc/device/udi_cdc.o
 .text.udi_cdc_comm_setup
                0x0040134c       0x68 src/ASF/common/services/usb/class/cdc/device/udi_cdc.o
                0x0040134c                udi_cdc_comm_setup
 .text.udi_cdc_multi_get_nb_received_data
                0x004013b4       0x38 src/ASF/common/services/usb/class/cdc/device/udi_cdc.o
                0x004013b4                udi_cdc_multi_get_nb_received_data
 .text.udi_cdc_get_nb_received_data
                0x004013ec        0xc src/ASF/common/services/usb/class/cdc/device/udi_cdc.o
                0x004013ec                udi_cdc_get_nb_received_data
 .text.udi_cdc_multi_is_rx_ready
                0x004013f8       0x14 src/ASF/common/services/usb/class/cdc/device/udi_cdc.o
                0x004013f8                udi_cdc_multi_is_rx_ready
 .text.udi_cdc_rx_start.isra.9
                0x0040140c       0x9c src/ASF/common/services/usb/class/cdc/device/udi_cdc.o
 .text.udi_cdc_data_enable
                0x004014a8       0x84 src/ASF/common/services/usb/class/cdc/device/udi_cdc.o
                0x004014a8                udi_cdc_data_enable
 .text.udi_cdc_data_received
                0x0040152c       0x5c src/ASF/common/services/usb/class/cdc/device/udi_cdc.o
 .text.udi_cdc_is_rx_ready
                0x00401588        0xc src/ASF/common/services/usb/class/cdc/device/udi_cdc.o
                0x00401588                udi_cdc_is_rx_ready
 .text.udi_cdc_multi_read_buf
                0x00401594       0x9c src/ASF/common/services/usb/class/cdc/device/udi_cdc.o
                0x00401594                udi_cdc_multi_read_buf
 .text.udi_cdc_read_buf
                0x00401630       0x10 src/ASF/common/services/usb/class/cdc/device/udi_cdc.o
                0x00401630                udi_cdc_read_buf
 .text.udi_cdc_multi_get_free_tx_buffer
                0x00401640       0x58 src/ASF/common/services/usb/class/cdc/device/udi_cdc.o
                0x00401640                udi_cdc_multi_get_free_tx_buffer
 .text.udi_cdc_multi_is_tx_ready
                0x00401698       0x14 src/ASF/common/services/usb/class/cdc/device/udi_cdc.o
                0x00401698                udi_cdc_multi_is_tx_ready
 .text.udi_cdc_is_tx_ready
                0x004016ac        0xc src/ASF/common/services/usb/class/cdc/device/udi_cdc.o
                0x004016ac                udi_cdc_is_tx_ready
 .text.udi_cdc_multi_write_buf
                0x004016b8       0x94 src/ASF/common/services/usb/class/cdc/device/udi_cdc.o
                0x004016b8                udi_cdc_multi_write_buf
 .text.udi_cdc_write_buf
                0x0040174c       0x10 src/ASF/common/services/usb/class/cdc/device/udi_cdc.o
                0x0040174c                udi_cdc_write_buf
 .text.udc_valid_address
                0x0040175c       0x14 src/ASF/common/services/usb/udc/udc.o
 .text.udc_update_iface_desc
                0x00401770       0x5c src/ASF/common/services/usb/udc/udc.o
 .text.udc_next_desc_in_iface.constprop.3
                0x004017cc       0x28 src/ASF/common/services/usb/udc/udc.o
 .text.udc_iface_enable
                0x004017f4       0x54 src/ASF/common/services/usb/udc/udc.o
 .text.udc_iface_disable
                0x00401848       0x64 src/ASF/common/services/usb/udc/udc.o
 .text.udc_start
                0x004018ac        0x8 src/ASF/common/services/usb/udc/udc.o
                0x004018ac                udc_start
 .text.udc_reset
                0x004018b4       0x40 src/ASF/common/services/usb/udc/udc.o
                0x004018b4                udc_reset
 .text.udc_sof_notify
                0x004018f4       0x34 src/ASF/common/services/usb/udc/udc.o
                0x004018f4                udc_sof_notify
 .text.udc_process_setup
                0x00401928      0x3b0 src/ASF/common/services/usb/udc/udc.o
                0x00401928                udc_process_setup
 .text.adc_init
                0x00401cd8       0x32 src/ASF/sam/drivers/adc/adc.o
                0x00401cd8                adc_init
 .text.adc_configure_trigger
                0x00401d0a        0xe src/ASF/sam/drivers/adc/adc.o
                0x00401d0a                adc_configure_trigger
 .text.adc_configure_power_save
                0x00401d18       0x16 src/ASF/sam/drivers/adc/adc.o
                0x00401d18                adc_configure_power_save
 .text.adc_configure_sequence
                0x00401d2e       0x58 src/ASF/sam/drivers/adc/adc.o
                0x00401d2e                adc_configure_sequence
 .text.adc_configure_timing
                0x00401d86       0x1a src/ASF/sam/drivers/adc/adc.o
                0x00401d86                adc_configure_timing
 .text.adc_disable_anch
                0x00401da0        0xa src/ASF/sam/drivers/adc/adc.o
                0x00401da0                adc_disable_anch
 .text.adc_start
                0x00401daa        0x6 src/ASF/sam/drivers/adc/adc.o
                0x00401daa                adc_start
 .text.adc_enable_channel
                0x00401db0        0xa src/ASF/sam/drivers/adc/adc.o
                0x00401db0                adc_enable_channel
 .text.adc_enable_tag
                0x00401dba        0xa src/ASF/sam/drivers/adc/adc.o
                0x00401dba                adc_enable_tag
 .text.adc_start_sequencer
                0x00401dc4        0xa src/ASF/sam/drivers/adc/adc.o
                0x00401dc4                adc_start_sequencer
 .text.adc_disable_channel_input_offset
                0x00401dce       0x1a src/ASF/sam/drivers/adc/adc.o
                0x00401dce                adc_disable_channel_input_offset
 .text.adc_set_channel_input_gain
                0x00401de8       0x10 src/ASF/sam/drivers/adc/adc.o
                0x00401de8                adc_set_channel_input_gain
 .text.adc_set_calibmode
                0x00401df8        0xa src/ASF/sam/drivers/adc/adc.o
                0x00401df8                adc_set_calibmode
 .text.adc_enable_interrupt
                0x00401e02        0x4 src/ASF/sam/drivers/adc/adc.o
                0x00401e02                adc_enable_interrupt
 .text.adc_get_status
                0x00401e06        0x4 src/ASF/sam/drivers/adc/adc.o
                0x00401e06                adc_get_status
 .text.pdc_tx_init
                0x00401e0a       0x16 src/ASF/sam/drivers/pdc/pdc.o
                0x00401e0a                pdc_tx_init
 .text.pdc_enable_transfer
                0x00401e20        0xc src/ASF/sam/drivers/pdc/pdc.o
                0x00401e20                pdc_enable_transfer
 .text.pio_handler_process
                0x00401e2c       0x74 src/ASF/sam/drivers/pio/pio_handler.o
                0x00401e2c                pio_handler_process
 .text.PIOA_Handler
                0x00401ea0       0x10 src/ASF/sam/drivers/pio/pio_handler.o
                0x00401ea0                PIOA_Handler
 .text.PIOB_Handler
                0x00401eb0       0x10 src/ASF/sam/drivers/pio/pio_handler.o
                0x00401eb0                PIOB_Handler
 .text.pwm_clocks_generate
                0x00401ec0       0x4c src/ASF/sam/drivers/pwm/pwm.o
 .text.pwm_init
                0x00401f0c       0x44 src/ASF/sam/drivers/pwm/pwm.o
                0x00401f0c                pwm_init
 .text.pwm_channel_init
                0x00401f50       0xdc src/ASF/sam/drivers/pwm/pwm.o
                0x00401f50                pwm_channel_init
 .text.pwm_channel_enable
                0x0040202c        0xa src/ASF/sam/drivers/pwm/pwm.o
                0x0040202c                pwm_channel_enable
 .text.pwm_channel_disable
                0x00402036        0xa src/ASF/sam/drivers/pwm/pwm.o
                0x00402036                pwm_channel_disable
 .text.pwm_pdc_set_request_mode
                0x00402040       0x14 src/ASF/sam/drivers/pwm/pwm.o
                0x00402040                pwm_pdc_set_request_mode
 .text.pwm_pdc_enable_interrupt
                0x00402054        0x4 src/ASF/sam/drivers/pwm/pwm.o
                0x00402054                pwm_pdc_enable_interrupt
 .text.pwm_sync_init
                0x00402058       0x14 src/ASF/sam/drivers/pwm/pwm.o
                0x00402058                pwm_sync_init
 .text.pwm_get_interrupt_status
                0x0040206c        0x4 src/ASF/sam/drivers/pwm/pwm.o
                0x0040206c                pwm_get_interrupt_status
 .text.uart_init
                0x00402070       0x34 src/ASF/sam/drivers/uart/uart.o
                0x00402070                uart_init
 .text.uart_enable
                0x004020a4        0x6 src/ASF/sam/drivers/uart/uart.o
                0x004020a4                uart_enable
 .text.uart_enable_interrupt
                0x004020aa        0x4 src/ASF/sam/drivers/uart/uart.o
                0x004020aa                uart_enable_interrupt
 .text.uart_get_status
                0x004020ae        0x4 src/ASF/sam/drivers/uart/uart.o
                0x004020ae                uart_get_status
 .text.uart_reset_status
                0x004020b2        0x8 src/ASF/sam/drivers/uart/uart.o
                0x004020b2                uart_reset_status
 .text.uart_is_tx_empty
                0x004020ba        0x8 src/ASF/sam/drivers/uart/uart.o
                0x004020ba                uart_is_tx_empty
 .text.uart_is_rx_ready
                0x004020c2        0x8 src/ASF/sam/drivers/uart/uart.o
                0x004020c2                uart_is_rx_ready
 .text.uart_write
                0x004020ca        0xe src/ASF/sam/drivers/uart/uart.o
                0x004020ca                uart_write
 .text.uart_read
                0x004020d8       0x10 src/ASF/sam/drivers/uart/uart.o
                0x004020d8                uart_read
 .text.cpu_irq_save
                0x004020e8       0x24 src/ASF/sam/drivers/udp/udp_device.o
 .text.udd_ctrl_init
                0x0040210c       0x18 src/ASF/sam/drivers/udp/udp_device.o
 .text.udd_ctrl_stall_data
                0x00402124       0x34 src/ASF/sam/drivers/udp/udp_device.o
 .text.udd_ctrl_send_zlp_in
                0x00402158       0x34 src/ASF/sam/drivers/udp/udp_device.o
 .text.udd_ctrl_endofrequest
                0x0040218c       0x10 src/ASF/sam/drivers/udp/udp_device.o
 .text.udd_ep_ack_out_received
                0x0040219c       0xb4 src/ASF/sam/drivers/udp/udp_device.o
 .text.udd_ep_in_sent
                0x00402250      0x17c src/ASF/sam/drivers/udp/udp_device.o
 .text.cpu_irq_restore
                0x004023cc       0x14 src/ASF/sam/drivers/udp/udp_device.o
 .text.sleepmgr_lock_mode
                0x004023e0       0x2c src/ASF/sam/drivers/udp/udp_device.o
 .text.sleepmgr_unlock_mode
                0x0040240c       0x2c src/ASF/sam/drivers/udp/udp_device.o
 .text.udd_sleep_mode
                0x00402438       0x2c src/ASF/sam/drivers/udp/udp_device.o
 .text.udd_ctrl_in_sent
                0x00402464      0x170 src/ASF/sam/drivers/udp/udp_device.o
 .text.udd_ep_finish_job
                0x004025d4       0x40 src/ASF/sam/drivers/udp/udp_device.o
 .text.UDP_Handler
                0x00402614      0x7a8 src/ASF/sam/drivers/udp/udp_device.o
                0x00402614                UDP_Handler
 .text.udd_attach
                0x00402dbc       0x64 src/ASF/sam/drivers/udp/udp_device.o
                0x00402dbc                udd_attach
 .text.udd_enable
                0x00402e20       0x84 src/ASF/sam/drivers/udp/udp_device.o
                0x00402e20                udd_enable
 .text.udd_is_high_speed
                0x00402ea4        0x4 src/ASF/sam/drivers/udp/udp_device.o
                0x00402ea4                udd_is_high_speed
 .text.udd_set_address
                0x00402ea8       0x38 src/ASF/sam/drivers/udp/udp_device.o
                0x00402ea8                udd_set_address
 .text.udd_getaddress
                0x00402ee0       0x18 src/ASF/sam/drivers/udp/udp_device.o
                0x00402ee0                udd_getaddress
 .text.udd_get_frame_number
                0x00402ef8       0x10 src/ASF/sam/drivers/udp/udp_device.o
                0x00402ef8                udd_get_frame_number
 .text.udd_get_micro_frame_number
                0x00402f08        0x4 src/ASF/sam/drivers/udp/udp_device.o
                0x00402f08                udd_get_micro_frame_number
 .text.udd_set_setup_payload
                0x00402f0c        0xc src/ASF/sam/drivers/udp/udp_device.o
                0x00402f0c                udd_set_setup_payload
 .text.udd_ep_alloc
                0x00402f18       0xc8 src/ASF/sam/drivers/udp/udp_device.o
                0x00402f18                udd_ep_alloc
 .text.udd_ep_free
                0x00402fe0       0x50 src/ASF/sam/drivers/udp/udp_device.o
                0x00402fe0                udd_ep_free
 .text.udd_ep_is_halted
                0x00403030       0x3c src/ASF/sam/drivers/udp/udp_device.o
                0x00403030                udd_ep_is_halted
 .text.udd_ep_set_halt
                0x0040306c       0x98 src/ASF/sam/drivers/udp/udp_device.o
                0x0040306c                udd_ep_set_halt
 .text.udd_ep_clear_halt
                0x00403104       0xb0 src/ASF/sam/drivers/udp/udp_device.o
                0x00403104                udd_ep_clear_halt
 .text.udd_ep_run
                0x004031b4       0xf4 src/ASF/sam/drivers/udp/udp_device.o
                0x004031b4                udd_ep_run
 .text.udd_ep_abort
                0x004032a8      0x138 src/ASF/sam/drivers/udp/udp_device.o
                0x004032a8                udd_ep_abort
 .text.decode_incoming_comms_packet
                0x004033e0       0x84 src/comm/app_layer.o
                0x004033e0                decode_incoming_comms_packet
 .text.comm_init
                0x00403464       0x40 src/comm/comm.o
                0x00403464                comm_init
 .text.comm_background
                0x004034a4      0x134 src/comm/comm.o
                0x004034a4                comm_background
 .text.comm_send_msg
                0x004035d8       0xa4 src/comm/comm.o
                0x004035d8                comm_send_msg
 .text.comm_preprocess_uart_PC_RX
                0x0040367c       0x30 src/comm/comm.o
                0x0040367c                comm_preprocess_uart_PC_RX
 .text.comm_preprocess_usb_PC_RX
                0x004036ac       0x40 src/comm/comm.o
                0x004036ac                comm_preprocess_usb_PC_RX
 .text.copy_content
                0x004036ec       0x18 src/utils/byte_string_operations.o
                0x004036ec                copy_content
 .text.calculate_checksum_ptr
                0x00403704       0x80 src/utils/byte_string_operations.o
                0x00403704                calculate_checksum_ptr
 .text.calculate_checksum
                0x00403784       0x1c src/utils/byte_string_operations.o
                0x00403784                calculate_checksum
 .text.lut_sin_128_Q20
                0x004037a0        0xc src/utils/lut.o
                0x004037a0                lut_sin_128_Q20
 .text.lut_cos_128_Q20
                0x004037ac       0x14 src/utils/lut.o
                0x004037ac                lut_cos_128_Q20
 .text.osc_enable
                0x004037c0       0x48 src/ASF/common/services/clock/sam4s/sysclk.o
 .text.osc_wait_ready.constprop.4
                0x00403808       0x10 src/ASF/common/services/clock/sam4s/sysclk.o
 .text.sysclk_enable_usb
                0x00403818       0x4c src/ASF/common/services/clock/sam4s/sysclk.o
                0x00403818                sysclk_enable_usb
 .text.sysclk_init
                0x00403864       0x60 src/ASF/common/services/clock/sam4s/sysclk.o
                0x00403864                sysclk_init
 .text.pio_pull_up
                0x004038c4        0xa src/ASF/sam/drivers/pio/pio.o
                0x004038c4                pio_pull_up
 .text.pio_set_peripheral
                0x004038ce       0x80 src/ASF/sam/drivers/pio/pio.o
                0x004038ce                pio_set_peripheral
 .text.pio_set_input
                0x0040394e       0x2c src/ASF/sam/drivers/pio/pio.o
                0x0040394e                pio_set_input
 .text.pio_set_output
                0x0040397a       0x24 src/ASF/sam/drivers/pio/pio.o
                0x0040397a                pio_set_output
 .text.pio_pull_down
                0x0040399e        0xe src/ASF/sam/drivers/pio/pio.o
                0x0040399e                pio_pull_down
 .text.pio_get_interrupt_status
                0x004039ac        0x4 src/ASF/sam/drivers/pio/pio.o
                0x004039ac                pio_get_interrupt_status
 .text.pio_get_interrupt_mask
                0x004039b0        0x4 src/ASF/sam/drivers/pio/pio.o
                0x004039b0                pio_get_interrupt_mask
 .text.pio_set_pin_high
                0x004039b4       0x1a src/ASF/sam/drivers/pio/pio.o
                0x004039b4                pio_set_pin_high
 .text.pio_set_pin_low
                0x004039ce       0x1a src/ASF/sam/drivers/pio/pio.o
                0x004039ce                pio_set_pin_low
 .text.pio_configure_pin
                0x004039e8       0xb0 src/ASF/sam/drivers/pio/pio.o
                0x004039e8                pio_configure_pin
 .text.pio_configure_pin_group
                0x00403a98       0x84 src/ASF/sam/drivers/pio/pio.o
                0x00403a98                pio_configure_pin_group
 .text.pmc_switch_mck_to_pllack
                0x00403b1c       0x44 src/ASF/sam/drivers/pmc/pmc.o
                0x00403b1c                pmc_switch_mck_to_pllack
 .text.pmc_switch_sclk_to_32kxtal
                0x00403b60       0x20 src/ASF/sam/drivers/pmc/pmc.o
                0x00403b60                pmc_switch_sclk_to_32kxtal
 .text.pmc_switch_mainck_to_fastrc
                0x00403b80       0x44 src/ASF/sam/drivers/pmc/pmc.o
                0x00403b80                pmc_switch_mainck_to_fastrc
 .text.pmc_switch_mainck_to_xtal
                0x00403bc4       0x48 src/ASF/sam/drivers/pmc/pmc.o
                0x00403bc4                pmc_switch_mainck_to_xtal
 .text.pmc_osc_is_ready_mainck
                0x00403c0c       0x10 src/ASF/sam/drivers/pmc/pmc.o
                0x00403c0c                pmc_osc_is_ready_mainck
 .text.pmc_disable_pllack
                0x00403c1c       0x10 src/ASF/sam/drivers/pmc/pmc.o
                0x00403c1c                pmc_disable_pllack
 .text.pmc_is_locked_pllack
                0x00403c2c       0x10 src/ASF/sam/drivers/pmc/pmc.o
                0x00403c2c                pmc_is_locked_pllack
 .text.pmc_disable_pllbck
                0x00403c3c        0xc src/ASF/sam/drivers/pmc/pmc.o
                0x00403c3c                pmc_disable_pllbck
 .text.pmc_is_locked_pllbck
                0x00403c48       0x10 src/ASF/sam/drivers/pmc/pmc.o
                0x00403c48                pmc_is_locked_pllbck
 .text.pmc_enable_periph_clk
                0x00403c58       0x40 src/ASF/sam/drivers/pmc/pmc.o
                0x00403c58                pmc_enable_periph_clk
 .text.pmc_disable_periph_clk
                0x00403c98       0x40 src/ASF/sam/drivers/pmc/pmc.o
                0x00403c98                pmc_disable_periph_clk
 .text.pmc_switch_udpck_to_pllbck
                0x00403cd8       0x14 src/ASF/sam/drivers/pmc/pmc.o
                0x00403cd8                pmc_switch_udpck_to_pllbck
 .text.pmc_enable_udpck
                0x00403cec        0xc src/ASF/sam/drivers/pmc/pmc.o
                0x00403cec                pmc_enable_udpck
 .text.pmc_set_fast_startup_input
                0x00403cf8       0x14 src/ASF/sam/drivers/pmc/pmc.o
                0x00403cf8                pmc_set_fast_startup_input
 .text.pmc_is_wakeup_clocks_restored
                0x00403d0c       0x10 src/ASF/sam/drivers/pmc/sleep.o
                0x00403d0c                pmc_is_wakeup_clocks_restored
 .text.Dummy_Handler
                0x00403d1c        0x2 src/ASF/sam/utils/cmsis/sam4s/source/templates/gcc/startup_sam4s.o
                0x00403d1c                DACC_Handler
                0x00403d1c                DebugMon_Handler
                0x00403d1c                HardFault_Handler
                0x00403d1c                TC2_Handler
                0x00403d1c                SPI_Handler
                0x00403d1c                TWI1_Handler
                0x00403d1c                PendSV_Handler
                0x00403d1c                NMI_Handler
                0x00403d1c                CRCCU_Handler
                0x00403d1c                USART0_Handler
                0x00403d1c                RTT_Handler
                0x00403d1c                RTC_Handler
                0x00403d1c                UsageFault_Handler
                0x00403d1c                WDT_Handler
                0x00403d1c                TC1_Handler
                0x00403d1c                HSMCI_Handler
                0x00403d1c                Dummy_Handler
                0x00403d1c                TWI0_Handler
                0x00403d1c                USART1_Handler
                0x00403d1c                SSC_Handler
                0x00403d1c                EFC0_Handler
                0x00403d1c                ACC_Handler
                0x00403d1c                PMC_Handler
                0x00403d1c                MemManage_Handler
                0x00403d1c                SUPC_Handler
                0x00403d1c                SVC_Handler
                0x00403d1c                UART0_Handler
                0x00403d1c                BusFault_Handler
                0x00403d1c                RSTC_Handler
                0x00403d1c                TC0_Handler
 *fill*         0x00403d1e        0x2 
 .text.Reset_Handler
                0x00403d20       0x80 src/ASF/sam/utils/cmsis/sam4s/source/templates/gcc/startup_sam4s.o
                0x00403d20                Reset_Handler
 .text.SystemCoreClockUpdate
                0x00403da0       0xc8 src/ASF/sam/utils/cmsis/sam4s/source/templates/system_sam4s.o
                0x00403da0                SystemCoreClockUpdate
 .text.system_init_flash
                0x00403e68       0x64 src/ASF/sam/utils/cmsis/sam4s/source/templates/system_sam4s.o
                0x00403e68                system_init_flash
 .text.startup.main
                0x00403ecc       0x64 src/main.o
                0x00403ecc                main
 .text.SysTick_Handler
                0x00403f30       0x1c src/main.o
                0x00403f30                SysTick_Handler
 .text.ADC_Handler
                0x00403f4c       0x18 src/main.o
                0x00403f4c                ADC_Handler
 .text.PWM_Handler
                0x00403f64       0x48 src/main.o
                0x00403f64                PWM_Handler
 .text.UART1_Handler
                0x00403fac        0x8 src/main.o
                0x00403fac                UART1_Handler
 .text.sqrt     0x00403fb4       0xbc c:/program files (x86)/atmel/studio/7.0/toolchain/arm/arm-gnu-toolchain/bin/../lib/gcc/arm-none-eabi/6.3.1/../../../../arm-none-eabi/lib/thumb/v7e-m\libm.a(lib_a-w_sqrt.o)
                0x00403fb4                sqrt
 .text.__ieee754_sqrt
                0x00404070      0x178 c:/program files (x86)/atmel/studio/7.0/toolchain/arm/arm-gnu-toolchain/bin/../lib/gcc/arm-none-eabi/6.3.1/../../../../arm-none-eabi/lib/thumb/v7e-m\libm.a(lib_a-e_sqrt.o)
                0x00404070                __ieee754_sqrt
 .text.matherr  0x004041e8        0x4 c:/program files (x86)/atmel/studio/7.0/toolchain/arm/arm-gnu-toolchain/bin/../lib/gcc/arm-none-eabi/6.3.1/../../../../arm-none-eabi/lib/thumb/v7e-m\libm.a(lib_a-s_matherr.o)
                0x004041e8                matherr
 .text          0x004041ec      0x370 c:/program files (x86)/atmel/studio/7.0/toolchain/arm/arm-gnu-toolchain/bin/../lib/gcc/arm-none-eabi/6.3.1/thumb/v7e-m\libgcc.a(_arm_addsubdf3.o)
                0x004041ec                __aeabi_drsub
                0x004041f4                __aeabi_dsub
                0x004041f4                __subdf3
                0x004041f8                __aeabi_dadd
                0x004041f8                __adddf3
                0x00404470                __floatunsidf
                0x00404470                __aeabi_ui2d
                0x00404490                __floatsidf
                0x00404490                __aeabi_i2d
                0x004044b4                __aeabi_f2d
                0x004044b4                __extendsfdf2
                0x004044f0                __floatundidf
                0x004044f0                __aeabi_ul2d
                0x00404500                __floatdidf
                0x00404500                __aeabi_l2d
 .text          0x0040455c      0x424 c:/program files (x86)/atmel/studio/7.0/toolchain/arm/arm-gnu-toolchain/bin/../lib/gcc/arm-none-eabi/6.3.1/thumb/v7e-m\libgcc.a(_arm_muldivdf3.o)
                0x0040455c                __aeabi_dmul
                0x0040455c                __muldf3
                0x004047b0                __divdf3
                0x004047b0                __aeabi_ddiv
 .text          0x00404980      0x110 c:/program files (x86)/atmel/studio/7.0/toolchain/arm/arm-gnu-toolchain/bin/../lib/gcc/arm-none-eabi/6.3.1/thumb/v7e-m\libgcc.a(_arm_cmpdf2.o)
                0x00404980                __gtdf2
                0x00404980                __gedf2
                0x00404988                __ltdf2
                0x00404988                __ledf2
                0x00404990                __nedf2
                0x00404990                __eqdf2
                0x00404990                __cmpdf2
                0x00404a0c                __aeabi_cdrcmple
                0x00404a1c                __aeabi_cdcmpeq
                0x00404a1c                __aeabi_cdcmple
                0x00404a2c                __aeabi_dcmpeq
                0x00404a40                __aeabi_dcmplt
                0x00404a54                __aeabi_dcmple
                0x00404a68                __aeabi_dcmpge
                0x00404a7c                __aeabi_dcmpgt
 .text          0x00404a90       0x2c c:/program files (x86)/atmel/studio/7.0/toolchain/arm/arm-gnu-toolchain/bin/../lib/gcc/arm-none-eabi/6.3.1/thumb/v7e-m\libgcc.a(_arm_unorddf2.o)
                0x00404a90                __unorddf2
                0x00404a90                __aeabi_dcmpun
 .text          0x00404abc       0x50 c:/program files (x86)/atmel/studio/7.0/toolchain/arm/arm-gnu-toolchain/bin/../lib/gcc/arm-none-eabi/6.3.1/thumb/v7e-m\libgcc.a(_arm_fixdfsi.o)
                0x00404abc                __aeabi_d2iz
                0x00404abc                __fixdfsi
 .text          0x00404b0c       0xa0 c:/program files (x86)/atmel/studio/7.0/toolchain/arm/arm-gnu-toolchain/bin/../lib/gcc/arm-none-eabi/6.3.1/thumb/v7e-m\libgcc.a(_aeabi_ldivmod.o)
                0x00404b0c                __aeabi_ldivmod
 .text          0x00404bac      0x2dc c:/program files (x86)/atmel/studio/7.0/toolchain/arm/arm-gnu-toolchain/bin/../lib/gcc/arm-none-eabi/6.3.1/thumb/v7e-m\libgcc.a(_udivmoddi4.o)
                0x00404bac                __udivmoddi4
 .text          0x00404e88        0x4 c:/program files (x86)/atmel/studio/7.0/toolchain/arm/arm-gnu-toolchain/bin/../lib/gcc/arm-none-eabi/6.3.1/thumb/v7e-m\libgcc.a(_dvmd_tls.o)
                0x00404e88                __aeabi_idiv0
                0x00404e88                __aeabi_ldiv0
 .text.__errno  0x00404e8c        0xc c:/program files (x86)/atmel/studio/7.0/toolchain/arm/arm-gnu-toolchain/bin/../lib/gcc/arm-none-eabi/6.3.1/../../../../arm-none-eabi/lib/thumb/v7e-m\libc.a(lib_a-errno.o)
                0x00404e8c                __errno
 .text.__libc_init_array
                0x00404e98       0x50 c:/program files (x86)/atmel/studio/7.0/toolchain/arm/arm-gnu-toolchain/bin/../lib/gcc/arm-none-eabi/6.3.1/../../../../arm-none-eabi/lib/thumb/v7e-m\libc.a(lib_a-init.o)
                0x00404e98                __libc_init_array
 .text          0x00404ee8      0x134 c:/program files (x86)/atmel/studio/7.0/toolchain/arm/arm-gnu-toolchain/bin/../lib/gcc/arm-none-eabi/6.3.1/../../../../arm-none-eabi/lib/thumb/v7e-m\libc.a(lib_a-memcpy.o)
                0x00404ee8                memcpy
 .text.memset   0x0040501c       0x9c c:/program files (x86)/atmel/studio/7.0/toolchain/arm/arm-gnu-toolchain/bin/../lib/gcc/arm-none-eabi/6.3.1/../../../../arm-none-eabi/lib/thumb/v7e-m\libc.a(lib_a-memset.o)
                0x0040501c                memset
 .text.startup.register_fini
                0x004050b8       0x14 c:/program files (x86)/atmel/studio/7.0/toolchain/arm/arm-gnu-toolchain/bin/../lib/gcc/arm-none-eabi/6.3.1/../../../../arm-none-eabi/lib/thumb/v7e-m\libc.a(lib_a-__call_atexit.o)
 .text.atexit   0x004050cc        0xc c:/program files (x86)/atmel/studio/7.0/toolchain/arm/arm-gnu-toolchain/bin/../lib/gcc/arm-none-eabi/6.3.1/../../../../arm-none-eabi/lib/thumb/v7e-m\libc.a(lib_a-atexit.o)
                0x004050cc                atexit
 .text.__libc_fini_array
                0x004050d8       0x34 c:/program files (x86)/atmel/studio/7.0/toolchain/arm/arm-gnu-toolchain/bin/../lib/gcc/arm-none-eabi/6.3.1/../../../../arm-none-eabi/lib/thumb/v7e-m\libc.a(lib_a-fini.o)
                0x004050d8                __libc_fini_array
 .text.__retarget_lock_acquire_recursive
                0x0040510c        0x4 c:/program files (x86)/atmel/studio/7.0/toolchain/arm/arm-gnu-toolchain/bin/../lib/gcc/arm-none-eabi/6.3.1/../../../../arm-none-eabi/lib/thumb/v7e-m\libc.a(lib_a-lock.o)
                0x0040510c                __retarget_lock_acquire_recursive
 .text.__retarget_lock_release_recursive
                0x00405110        0x4 c:/program files (x86)/atmel/studio/7.0/toolchain/arm/arm-gnu-toolchain/bin/../lib/gcc/arm-none-eabi/6.3.1/../../../../arm-none-eabi/lib/thumb/v7e-m\libc.a(lib_a-lock.o)
                0x00405110                __retarget_lock_release_recursive
 .text.__register_exitproc
                0x00405114       0xc4 c:/program files (x86)/atmel/studio/7.0/toolchain/arm/arm-gnu-toolchain/bin/../lib/gcc/arm-none-eabi/6.3.1/../../../../arm-none-eabi/lib/thumb/v7e-m\libc.a(lib_a-__atexit.o)
                0x00405114                __register_exitproc
 *(.glue_7t)
 .glue_7t       0x004051d8        0x0 linker stubs
 *(.glue_7)
 .glue_7        0x004051d8        0x0 linker stubs
 *(.rodata .rodata* .gnu.linkonce.r.*)
 .rodata        0x004051d8       0x2c src/ASF/sam/drivers/pwm/pwm.o
 .rodata.table_sin_128_Q20
                0x00405204      0x200 src/utils/lut.o
                0x00405204                table_sin_128_Q20
 .rodata.sqrt.str1.4
                0x00405404        0x8 c:/program files (x86)/atmel/studio/7.0/toolchain/arm/arm-gnu-toolchain/bin/../lib/gcc/arm-none-eabi/6.3.1/../../../../arm-none-eabi/lib/thumb/v7e-m\libm.a(lib_a-w_sqrt.o)
                                  0x5 (size before relaxing)
 .rodata._global_impure_ptr
                0x0040540c        0x4 c:/program files (x86)/atmel/studio/7.0/toolchain/arm/arm-gnu-toolchain/bin/../lib/gcc/arm-none-eabi/6.3.1/../../../../arm-none-eabi/lib/thumb/v7e-m\libc.a(lib_a-impure.o)
                0x0040540c                _global_impure_ptr
 *(.ARM.extab* .gnu.linkonce.armextab.*)
                0x00405410                . = ALIGN (0x4)
 *(.init)
 .init          0x00405410        0x4 c:/program files (x86)/atmel/studio/7.0/toolchain/arm/arm-gnu-toolchain/bin/../lib/gcc/arm-none-eabi/6.3.1/thumb/v7e-m/crti.o
                0x00405410                _init
 .init          0x00405414        0x8 c:/program files (x86)/atmel/studio/7.0/toolchain/arm/arm-gnu-toolchain/bin/../lib/gcc/arm-none-eabi/6.3.1/thumb/v7e-m/crtn.o
                0x0040541c                . = ALIGN (0x4)
                0x0040541c                __preinit_array_start = .
 *(.preinit_array)
                0x0040541c                __preinit_array_end = .
                0x0040541c                . = ALIGN (0x4)
                0x0040541c                __init_array_start = .
 *(SORT(.init_array.*))
 .init_array.00000
                0x0040541c        0x4 c:/program files (x86)/atmel/studio/7.0/toolchain/arm/arm-gnu-toolchain/bin/../lib/gcc/arm-none-eabi/6.3.1/../../../../arm-none-eabi/lib/thumb/v7e-m\libc.a(lib_a-__call_atexit.o)
 *(.init_array)
 .init_array    0x00405420        0x4 c:/program files (x86)/atmel/studio/7.0/toolchain/arm/arm-gnu-toolchain/bin/../lib/gcc/arm-none-eabi/6.3.1/thumb/v7e-m/crtbegin.o
                0x00405424                __init_array_end = .
                0x00405424                . = ALIGN (0x4)
 *crtbegin.o(.ctors)
 *(EXCLUDE_FILE(*crtend.o) .ctors)
 *(SORT(.ctors.*))
 *crtend.o(.ctors)
                0x00405424                . = ALIGN (0x4)
 *(.fini)
 .fini          0x00405424        0x4 c:/program files (x86)/atmel/studio/7.0/toolchain/arm/arm-gnu-toolchain/bin/../lib/gcc/arm-none-eabi/6.3.1/thumb/v7e-m/crti.o
                0x00405424                _fini
 .fini          0x00405428        0x8 c:/program files (x86)/atmel/studio/7.0/toolchain/arm/arm-gnu-toolchain/bin/../lib/gcc/arm-none-eabi/6.3.1/thumb/v7e-m/crtn.o
                0x00405430                . = ALIGN (0x4)
                0x00405430                __fini_array_start = .
 *(.fini_array)
 .fini_array    0x00405430        0x4 c:/program files (x86)/atmel/studio/7.0/toolchain/arm/arm-gnu-toolchain/bin/../lib/gcc/arm-none-eabi/6.3.1/thumb/v7e-m/crtbegin.o
 *(SORT(.fini_array.*))
                0x00405434                __fini_array_end = .
 *crtbegin.o(.dtors)
 *(EXCLUDE_FILE(*crtend.o) .dtors)
 *(SORT(.dtors.*))
 *crtend.o(.dtors)
                0x00405434                . = ALIGN (0x4)
                0x00405434                _efixed = .
                [!provide]                PROVIDE (__exidx_start, .)

.vfp11_veneer   0x00405434        0x0
 .vfp11_veneer  0x00405434        0x0 linker stubs

.v4_bx          0x00405434        0x0
 .v4_bx         0x00405434        0x0 linker stubs

.iplt           0x00405434        0x0
 .iplt          0x00405434        0x0 c:/program files (x86)/atmel/studio/7.0/toolchain/arm/arm-gnu-toolchain/bin/../lib/gcc/arm-none-eabi/6.3.1/thumb/v7e-m/crtbegin.o

.ARM.exidx      0x00405434        0x8
 *(.ARM.exidx* .gnu.linkonce.armexidx.*)
 .ARM.exidx     0x00405434        0x8 c:/program files (x86)/atmel/studio/7.0/toolchain/arm/arm-gnu-toolchain/bin/../lib/gcc/arm-none-eabi/6.3.1/thumb/v7e-m\libgcc.a(_udivmoddi4.o)
                [!provide]                PROVIDE (__exidx_end, .)

.eh_frame       0x0040543c        0x0
 .eh_frame      0x0040543c        0x0 c:/program files (x86)/atmel/studio/7.0/toolchain/arm/arm-gnu-toolchain/bin/../lib/gcc/arm-none-eabi/6.3.1/thumb/v7e-m/crtbegin.o

.rel.dyn        0x0040543c        0x0
 .rel.iplt      0x0040543c        0x0 c:/program files (x86)/atmel/studio/7.0/toolchain/arm/arm-gnu-toolchain/bin/../lib/gcc/arm-none-eabi/6.3.1/thumb/v7e-m/crtbegin.o

.jcr            0x0040543c        0x0
 .jcr           0x0040543c        0x0 c:/program files (x86)/atmel/studio/7.0/toolchain/arm/arm-gnu-toolchain/bin/../lib/gcc/arm-none-eabi/6.3.1/thumb/v7e-m/crtbegin.o

.igot.plt       0x0040543c        0x0
 .igot.plt      0x0040543c        0x0 c:/program files (x86)/atmel/studio/7.0/toolchain/arm/arm-gnu-toolchain/bin/../lib/gcc/arm-none-eabi/6.3.1/thumb/v7e-m/crtbegin.o
                0x0040543c                . = ALIGN (0x4)
                0x0040543c                _etext = .

.relocate       0x20000000      0x534 load address 0x0040543c
                0x20000000                . = ALIGN (0x4)
                0x20000000                _srelocate = .
 *(.ramfunc .ramfunc.*)
 .ramfunc       0x20000000        0xa src/ASF/common/services/delay/sam/cycle_counter.o
                0x20000000                portable_delay_cycles
 *(.data .data.*)
 .data.pwm_duty
                0x2000000a        0x1 src/apps/control.o
 .data.ch_list  0x2000000b        0x4 src/apps_dsp/signal_adc.o
 *fill*         0x2000000f        0x1 
 .data.udi_api_cdc_comm
                0x20000010       0x14 src/ASF/common/services/usb/class/cdc/device/udi_cdc.o
                0x20000010                udi_api_cdc_comm
 .data.udi_api_cdc_data
                0x20000024       0x14 src/ASF/common/services/usb/class/cdc/device/udi_cdc.o
                0x20000024                udi_api_cdc_data
 .data.udc_config
                0x20000038        0xc src/ASF/common/services/usb/class/cdc/device/udi_cdc_desc.o
                0x20000038                udc_config
 .data.udc_config_fs
                0x20000044        0x8 src/ASF/common/services/usb/class/cdc/device/udi_cdc_desc.o
                0x20000044                udc_config_fs
 .data.udc_desc_fs
                0x2000004c       0x43 src/ASF/common/services/usb/class/cdc/device/udi_cdc_desc.o
                0x2000004c                udc_desc_fs
 *fill*         0x2000008f        0x1 
 .data.udc_device_desc
                0x20000090       0x12 src/ASF/common/services/usb/class/cdc/device/udi_cdc_desc.o
                0x20000090                udc_device_desc
 *fill*         0x200000a2        0x2 
 .data.udi_apis
                0x200000a4        0x8 src/ASF/common/services/usb/class/cdc/device/udi_cdc_desc.o
                0x200000a4                udi_apis
 .data.udc_string_desc
                0x200000ac       0x2a src/ASF/common/services/usb/udc/udc.o
 *fill*         0x200000d6        0x2 
 .data.udc_string_desc_languageid
                0x200000d8        0x4 src/ASF/common/services/usb/udc/udc.o
 .data.udc_string_manufacturer_name
                0x200000dc        0x6 src/ASF/common/services/usb/udc/udc.o
 .data.udc_string_product_name
                0x200000e2       0x15 src/ASF/common/services/usb/udc/udc.o
 .data.g_interrupt_enabled
                0x200000f7        0x1 src/ASF/common/utils/interrupt/interrupt_sam_nvic.o
                0x200000f7                g_interrupt_enabled
 .data.SystemCoreClock
                0x200000f8        0x4 src/ASF/sam/utils/cmsis/sam4s/source/templates/system_sam4s.o
                0x200000f8                SystemCoreClock
 .data.__fdlib_version
                0x200000fc        0x1 c:/program files (x86)/atmel/studio/7.0/toolchain/arm/arm-gnu-toolchain/bin/../lib/gcc/arm-none-eabi/6.3.1/../../../../arm-none-eabi/lib/thumb/v7e-m\libm.a(lib_a-s_lib_ver.o)
                0x200000fc                __fdlib_version
 *fill*         0x200000fd        0x3 
 .data._impure_ptr
                0x20000100        0x4 c:/program files (x86)/atmel/studio/7.0/toolchain/arm/arm-gnu-toolchain/bin/../lib/gcc/arm-none-eabi/6.3.1/../../../../arm-none-eabi/lib/thumb/v7e-m\libc.a(lib_a-impure.o)
                0x20000100                _impure_ptr
 *fill*         0x20000104        0x4 
 .data.impure_data
                0x20000108      0x428 c:/program files (x86)/atmel/studio/7.0/toolchain/arm/arm-gnu-toolchain/bin/../lib/gcc/arm-none-eabi/6.3.1/../../../../arm-none-eabi/lib/thumb/v7e-m\libc.a(lib_a-impure.o)
 .data.__atexit_recursive_mutex
                0x20000530        0x4 c:/program files (x86)/atmel/studio/7.0/toolchain/arm/arm-gnu-toolchain/bin/../lib/gcc/arm-none-eabi/6.3.1/../../../../arm-none-eabi/lib/thumb/v7e-m\libc.a(lib_a-__call_atexit.o)
                0x20000530                __atexit_recursive_mutex
                0x20000534                . = ALIGN (0x4)
                0x20000534                _erelocate = .

.bss            0x20000538     0x18c0 load address 0x00405978
                0x20000538                . = ALIGN (0x4)
                0x20000538                _sbss = .
                0x20000538                _szero = .
 *(.bss .bss.*)
 .bss           0x20000538       0x1c c:/program files (x86)/atmel/studio/7.0/toolchain/arm/arm-gnu-toolchain/bin/../lib/gcc/arm-none-eabi/6.3.1/thumb/v7e-m/crtbegin.o
 .bss.id.9698   0x20000554        0x1 src/apps/control.o
 *fill*         0x20000555        0x3 
 .bss.index_accum
                0x20000558      0x2e0 src/apps/control.o
 .bss.index_result
                0x20000838       0xcc src/apps/control.o
 *fill*         0x20000904        0x4 
 .bss.processed_signals
                0x20000908      0x9c0 src/apps/control.o
 .bss.pwm_duty_buf
                0x200012c8        0x4 src/apps/control.o
 .bss.signal_params
                0x200012cc        0x8 src/apps/control.o
 .bss.signals   0x200012d4       0x10 src/apps/control.o
 *fill*         0x200012e4        0x4 
 .bss.trend_accum
                0x200012e8      0x490 src/apps/control.o
 .bss.trend_result
                0x20001778      0x23c src/apps/control.o
 .bss.sync_channel
                0x200019b4       0x28 src/apps/signal_pwm.o
 .bss.b_cdc_enable
                0x200019dc        0x1 src/apps/usb.o
 *fill*         0x200019dd        0x1 
 .bss.phase_1.10144
                0x200019de        0x2 src/apps_dsp/signal_adc.o
 .bss.phase_3.10145
                0x200019e0        0x2 src/apps_dsp/signal_adc.o
 .bss.sample_data
                0x200019e2        0xe src/apps_dsp/signal_adc.o
 .bss.sof_zlp_counter.8095
                0x200019f0        0x2 src/ASF/common/services/usb/class/cdc/device/udi_cdc.o
 .bss.udi_cdc_data_running
                0x200019f2        0x1 src/ASF/common/services/usb/class/cdc/device/udi_cdc.o
 *fill*         0x200019f3        0x1 
 .bss.udi_cdc_line_coding
                0x200019f4        0x7 src/ASF/common/services/usb/class/cdc/device/udi_cdc.o
 .bss.udi_cdc_nb_comm_enabled
                0x200019fb        0x1 src/ASF/common/services/usb/class/cdc/device/udi_cdc.o
 .bss.udi_cdc_nb_data_enabled
                0x200019fc        0x1 src/ASF/common/services/usb/class/cdc/device/udi_cdc.o
 *fill*         0x200019fd        0x3 
 .bss.udi_cdc_rx_buf
                0x20001a00       0x80 src/ASF/common/services/usb/class/cdc/device/udi_cdc.o
 .bss.udi_cdc_rx_buf_nb
                0x20001a80        0x4 src/ASF/common/services/usb/class/cdc/device/udi_cdc.o
 .bss.udi_cdc_rx_buf_sel
                0x20001a84        0x1 src/ASF/common/services/usb/class/cdc/device/udi_cdc.o
 *fill*         0x20001a85        0x1 
 .bss.udi_cdc_rx_pos
                0x20001a86        0x2 src/ASF/common/services/usb/class/cdc/device/udi_cdc.o
 .bss.udi_cdc_rx_trans_ongoing
                0x20001a88        0x1 src/ASF/common/services/usb/class/cdc/device/udi_cdc.o
 *fill*         0x20001a89        0x1 
 .bss.udi_cdc_state
                0x20001a8a        0x2 src/ASF/common/services/usb/class/cdc/device/udi_cdc.o
 .bss.udi_cdc_tx_both_buf_to_send
                0x20001a8c        0x1 src/ASF/common/services/usb/class/cdc/device/udi_cdc.o
 *fill*         0x20001a8d        0x3 
 .bss.udi_cdc_tx_buf
                0x20001a90       0x80 src/ASF/common/services/usb/class/cdc/device/udi_cdc.o
 .bss.udi_cdc_tx_buf_nb
                0x20001b10        0x4 src/ASF/common/services/usb/class/cdc/device/udi_cdc.o
 .bss.udi_cdc_tx_buf_sel
                0x20001b14        0x1 src/ASF/common/services/usb/class/cdc/device/udi_cdc.o
 *fill*         0x20001b15        0x1 
 .bss.udi_cdc_tx_sof_num
                0x20001b16        0x2 src/ASF/common/services/usb/class/cdc/device/udi_cdc.o
 .bss.udi_cdc_tx_trans_ongoing
                0x20001b18        0x1 src/ASF/common/services/usb/class/cdc/device/udi_cdc.o
 *fill*         0x20001b19        0x3 
 .bss.uid_cdc_state_msg
                0x20001b1c        0xa src/ASF/common/services/usb/class/cdc/device/udi_cdc.o
 .bss.udc_device_status
                0x20001b26        0x2 src/ASF/common/services/usb/udc/udc.o
 .bss.udc_ep_status.7738
                0x20001b28        0x2 src/ASF/common/services/usb/udc/udc.o
 *fill*         0x20001b2a        0x2 
 .bss.udc_iface_setting
                0x20001b2c        0x1 src/ASF/common/services/usb/udc/udc.o
 *fill*         0x20001b2d        0x3 
 .bss.udc_num_configuration
                0x20001b30        0x1 src/ASF/common/services/usb/udc/udc.o
 *fill*         0x20001b31        0x3 
 .bss.udc_ptr_conf
                0x20001b34        0x4 src/ASF/common/services/usb/udc/udc.o
 .bss.udc_ptr_iface
                0x20001b38        0x4 src/ASF/common/services/usb/udc/udc.o
 .bss.gs_interrupt_sources
                0x20001b3c       0x70 src/ASF/sam/drivers/pio/pio_handler.o
 .bss.pio_capture_handler
                0x20001bac        0x4 src/ASF/sam/drivers/pio/pio_handler.o
 .bss.b_shortpacket.8798
                0x20001bb0        0x1 src/ASF/sam/drivers/udp/udp_device.o
 .bss.udd_b_idle
                0x20001bb1        0x1 src/ASF/sam/drivers/udp/udp_device.o
 .bss.udd_ctrl_payload_nb_trans
                0x20001bb2        0x2 src/ASF/sam/drivers/udp/udp_device.o
 .bss.udd_ctrl_prev_payload_nb_trans
                0x20001bb4        0x2 src/ASF/sam/drivers/udp/udp_device.o
 .bss.udd_ep_control_state
                0x20001bb6        0x1 src/ASF/sam/drivers/udp/udp_device.o
 *fill*         0x20001bb7        0x1 
 .bss.udd_ep_job
                0x20001bb8       0x3c src/ASF/sam/drivers/udp/udp_device.o
 .bss.packet_out_busy
                0x20001bf4        0x1 src/comm/comm.o
                0x20001bf4                packet_out_busy
 .bss.data.9554
                0x20001bf5        0x1 src/utils/byte_string_operations.o
 *fill*         0x20001bf6        0x2 
 .bss.i.9552    0x20001bf8        0x4 src/utils/byte_string_operations.o
 .bss.j.9553    0x20001bfc        0x1 src/utils/byte_string_operations.o
 .bss.b_is_sleep_clock_used
                0x20001bfd        0x1 src/ASF/sam/drivers/pmc/sleep.o
 *(COMMON)
 COMMON         0x20001bfe        0x6 src/ASF/common/services/sleepmgr/sam/sleepmgr.o
                0x20001bfe                sleepmgr_locks
 COMMON         0x20001c04       0x18 src/ASF/sam/drivers/udp/udp_device.o
                0x20001c04                udd_g_ctrlreq
 COMMON         0x20001c1c      0x1b4 src/comm/comm.o
                0x20001c1c                usb_received_size
                0x20001c20                UART_PC_msg
                0x20001cb4                USB_PC_msg
                0x20001d48                packet_out
 COMMON         0x20001dd0        0x4 src/ASF/sam/drivers/pio/pio.o
                0x20001dd0                pio_capture_enable_flag
 COMMON         0x20001dd4       0x21 c:/program files (x86)/atmel/studio/7.0/toolchain/arm/arm-gnu-toolchain/bin/../lib/gcc/arm-none-eabi/6.3.1/../../../../arm-none-eabi/lib/thumb/v7e-m\libc.a(lib_a-lock.o)
                0x20001dd4                __lock___atexit_recursive_mutex
                0x20001dd8                __lock___arc4random_mutex
                0x20001ddc                __lock___env_recursive_mutex
                0x20001de0                __lock___sinit_recursive_mutex
                0x20001de4                __lock___malloc_recursive_mutex
                0x20001de8                __lock___at_quick_exit_mutex
                0x20001dec                __lock___dd_hash_mutex
                0x20001df0                __lock___tz_mutex
                0x20001df4                __lock___sfp_recursive_mutex
                0x20001df8                . = ALIGN (0x4)
 *fill*         0x20001df5        0x3 
                0x20001df8                _ebss = .
                0x20001df8                _ezero = .

.stack          0x20001df8     0x3000 load address 0x00407238
                0x20001df8                . = ALIGN (0x8)
                0x20001df8                _sstack = .
                0x20004df8                . = (. + __stack_size__)
 *fill*         0x20001df8     0x3000 
                0x20004df8                . = ALIGN (0x8)
                0x20004df8                _estack = .
                0x20004df8                . = ALIGN (0x4)
                0x20004df8                _end = .
OUTPUT(arm-fw.elf elf32-littlearm)

.ARM.attributes
                0x00000000       0x2a
 .ARM.attributes
                0x00000000       0x1e c:/program files (x86)/atmel/studio/7.0/toolchain/arm/arm-gnu-toolchain/bin/../lib/gcc/arm-none-eabi/6.3.1/thumb/v7e-m/crti.o
 .ARM.attributes
                0x0000001e       0x2e c:/program files (x86)/atmel/studio/7.0/toolchain/arm/arm-gnu-toolchain/bin/../lib/gcc/arm-none-eabi/6.3.1/thumb/v7e-m/crtbegin.o
 .ARM.attributes
                0x0000004c       0x33 src/api/control_api.o
 .ARM.attributes
                0x0000007f       0x33 src/api/fw_api.o
 .ARM.attributes
                0x000000b2       0x33 src/apps/control.o
 .ARM.attributes
                0x000000e5       0x33 src/apps/signal_pwm.o
 .ARM.attributes
                0x00000118       0x33 src/apps/system.o
 .ARM.attributes
                0x0000014b       0x33 src/apps/usb.o
 .ARM.attributes
                0x0000017e       0x33 src/apps_dsp/index.o
 .ARM.attributes
                0x000001b1       0x33 src/apps_dsp/signal_adc.o
 .ARM.attributes
                0x000001e4       0x33 src/apps_dsp/signal_processing.o
 .ARM.attributes
                0x00000217       0x33 src/apps_dsp/trend.o
 .ARM.attributes
                0x0000024a       0x33 src/ASF/common/services/sleepmgr/sam/sleepmgr.o
 .ARM.attributes
                0x0000027d       0x33 src/ASF/common/services/usb/class/cdc/device/udi_cdc.o
 .ARM.attributes
                0x000002b0       0x33 src/ASF/common/services/usb/class/cdc/device/udi_cdc_desc.o
 .ARM.attributes
                0x000002e3       0x33 src/ASF/common/services/usb/udc/udc.o
 .ARM.attributes
                0x00000316       0x33 src/ASF/sam/drivers/adc/adc.o
 .ARM.attributes
                0x00000349       0x33 src/ASF/sam/drivers/pdc/pdc.o
 .ARM.attributes
                0x0000037c       0x33 src/ASF/sam/drivers/pio/pio_handler.o
 .ARM.attributes
                0x000003af       0x33 src/ASF/sam/drivers/pwm/pwm.o
 .ARM.attributes
                0x000003e2       0x33 src/ASF/sam/drivers/uart/uart.o
 .ARM.attributes
                0x00000415       0x33 src/ASF/sam/drivers/udp/udp_device.o
 .ARM.attributes
                0x00000448       0x33 src/comm/app_layer.o
 .ARM.attributes
                0x0000047b       0x33 src/comm/comm.o
 .ARM.attributes
                0x000004ae       0x33 src/utils/byte_string_operations.o
 .ARM.attributes
                0x000004e1       0x33 src/utils/lut.o
 .ARM.attributes
                0x00000514       0x33 src/ASF/common/services/delay/sam/cycle_counter.o
 .ARM.attributes
                0x00000547       0x33 src/ASF/common/services/clock/sam4s/sysclk.o
 .ARM.attributes
                0x0000057a       0x33 src/ASF/sam/drivers/pio/pio.o
 .ARM.attributes
                0x000005ad       0x33 src/ASF/sam/drivers/pmc/pmc.o
 .ARM.attributes
                0x000005e0       0x33 src/ASF/sam/drivers/pmc/sleep.o
 .ARM.attributes
                0x00000613       0x33 src/ASF/common/utils/interrupt/interrupt_sam_nvic.o
 .ARM.attributes
                0x00000646       0x33 src/ASF/sam/utils/cmsis/sam4s/source/templates/gcc/startup_sam4s.o
 .ARM.attributes
                0x00000679       0x33 src/ASF/sam/utils/cmsis/sam4s/source/templates/system_sam4s.o
 .ARM.attributes
                0x000006ac       0x33 src/main.o
 .ARM.attributes
                0x000006df       0x2e c:/program files (x86)/atmel/studio/7.0/toolchain/arm/arm-gnu-toolchain/bin/../lib/gcc/arm-none-eabi/6.3.1/../../../../arm-none-eabi/lib/thumb/v7e-m\libm.a(lib_a-w_sqrt.o)
 .ARM.attributes
                0x0000070d       0x2e c:/program files (x86)/atmel/studio/7.0/toolchain/arm/arm-gnu-toolchain/bin/../lib/gcc/arm-none-eabi/6.3.1/../../../../arm-none-eabi/lib/thumb/v7e-m\libm.a(lib_a-e_sqrt.o)
 .ARM.attributes
                0x0000073b       0x2e c:/program files (x86)/atmel/studio/7.0/toolchain/arm/arm-gnu-toolchain/bin/../lib/gcc/arm-none-eabi/6.3.1/../../../../arm-none-eabi/lib/thumb/v7e-m\libm.a(lib_a-s_lib_ver.o)
 .ARM.attributes
                0x00000769       0x2e c:/program files (x86)/atmel/studio/7.0/toolchain/arm/arm-gnu-toolchain/bin/../lib/gcc/arm-none-eabi/6.3.1/../../../../arm-none-eabi/lib/thumb/v7e-m\libm.a(lib_a-s_matherr.o)
 .ARM.attributes
                0x00000797       0x1e c:/program files (x86)/atmel/studio/7.0/toolchain/arm/arm-gnu-toolchain/bin/../lib/gcc/arm-none-eabi/6.3.1/thumb/v7e-m\libgcc.a(_arm_addsubdf3.o)
 .ARM.attributes
                0x000007b5       0x1e c:/program files (x86)/atmel/studio/7.0/toolchain/arm/arm-gnu-toolchain/bin/../lib/gcc/arm-none-eabi/6.3.1/thumb/v7e-m\libgcc.a(_arm_muldivdf3.o)
 .ARM.attributes
                0x000007d3       0x1e c:/program files (x86)/atmel/studio/7.0/toolchain/arm/arm-gnu-toolchain/bin/../lib/gcc/arm-none-eabi/6.3.1/thumb/v7e-m\libgcc.a(_arm_cmpdf2.o)
 .ARM.attributes
                0x000007f1       0x1e c:/program files (x86)/atmel/studio/7.0/toolchain/arm/arm-gnu-toolchain/bin/../lib/gcc/arm-none-eabi/6.3.1/thumb/v7e-m\libgcc.a(_arm_unorddf2.o)
 .ARM.attributes
                0x0000080f       0x1e c:/program files (x86)/atmel/studio/7.0/toolchain/arm/arm-gnu-toolchain/bin/../lib/gcc/arm-none-eabi/6.3.1/thumb/v7e-m\libgcc.a(_arm_fixdfsi.o)
 .ARM.attributes
                0x0000082d       0x1e c:/program files (x86)/atmel/studio/7.0/toolchain/arm/arm-gnu-toolchain/bin/../lib/gcc/arm-none-eabi/6.3.1/thumb/v7e-m\libgcc.a(_aeabi_ldivmod.o)
 .ARM.attributes
                0x0000084b       0x2e c:/program files (x86)/atmel/studio/7.0/toolchain/arm/arm-gnu-toolchain/bin/../lib/gcc/arm-none-eabi/6.3.1/thumb/v7e-m\libgcc.a(_udivmoddi4.o)
 .ARM.attributes
                0x00000879       0x1e c:/program files (x86)/atmel/studio/7.0/toolchain/arm/arm-gnu-toolchain/bin/../lib/gcc/arm-none-eabi/6.3.1/thumb/v7e-m\libgcc.a(_dvmd_tls.o)
 .ARM.attributes
                0x00000897       0x2e c:/program files (x86)/atmel/studio/7.0/toolchain/arm/arm-gnu-toolchain/bin/../lib/gcc/arm-none-eabi/6.3.1/../../../../arm-none-eabi/lib/thumb/v7e-m\libc.a(lib_a-errno.o)
 .ARM.attributes
                0x000008c5       0x2e c:/program files (x86)/atmel/studio/7.0/toolchain/arm/arm-gnu-toolchain/bin/../lib/gcc/arm-none-eabi/6.3.1/../../../../arm-none-eabi/lib/thumb/v7e-m\libc.a(lib_a-impure.o)
 .ARM.attributes
                0x000008f3       0x2e c:/program files (x86)/atmel/studio/7.0/toolchain/arm/arm-gnu-toolchain/bin/../lib/gcc/arm-none-eabi/6.3.1/../../../../arm-none-eabi/lib/thumb/v7e-m\libc.a(lib_a-init.o)
 .ARM.attributes
                0x00000921       0x1c c:/program files (x86)/atmel/studio/7.0/toolchain/arm/arm-gnu-toolchain/bin/../lib/gcc/arm-none-eabi/6.3.1/../../../../arm-none-eabi/lib/thumb/v7e-m\libc.a(lib_a-memcpy.o)
 .ARM.attributes
                0x0000093d       0x2e c:/program files (x86)/atmel/studio/7.0/toolchain/arm/arm-gnu-toolchain/bin/../lib/gcc/arm-none-eabi/6.3.1/../../../../arm-none-eabi/lib/thumb/v7e-m\libc.a(lib_a-memset.o)
 .ARM.attributes
                0x0000096b       0x2e c:/program files (x86)/atmel/studio/7.0/toolchain/arm/arm-gnu-toolchain/bin/../lib/gcc/arm-none-eabi/6.3.1/../../../../arm-none-eabi/lib/thumb/v7e-m\libc.a(lib_a-__call_atexit.o)
 .ARM.attributes
                0x00000999       0x2e c:/program files (x86)/atmel/studio/7.0/toolchain/arm/arm-gnu-toolchain/bin/../lib/gcc/arm-none-eabi/6.3.1/../../../../arm-none-eabi/lib/thumb/v7e-m\libc.a(lib_a-atexit.o)
 .ARM.attributes
                0x000009c7       0x2e c:/program files (x86)/atmel/studio/7.0/toolchain/arm/arm-gnu-toolchain/bin/../lib/gcc/arm-none-eabi/6.3.1/../../../../arm-none-eabi/lib/thumb/v7e-m\libc.a(lib_a-fini.o)
 .ARM.attributes
                0x000009f5       0x2e c:/program files (x86)/atmel/studio/7.0/toolchain/arm/arm-gnu-toolchain/bin/../lib/gcc/arm-none-eabi/6.3.1/../../../../arm-none-eabi/lib/thumb/v7e-m\libc.a(lib_a-lock.o)
 .ARM.attributes
                0x00000a23       0x2e c:/program files (x86)/atmel/studio/7.0/toolchain/arm/arm-gnu-toolchain/bin/../lib/gcc/arm-none-eabi/6.3.1/../../../../arm-none-eabi/lib/thumb/v7e-m\libc.a(lib_a-__atexit.o)
 .ARM.attributes
                0x00000a51       0x1e c:/program files (x86)/atmel/studio/7.0/toolchain/arm/arm-gnu-toolchain/bin/../lib/gcc/arm-none-eabi/6.3.1/thumb/v7e-m/crtn.o

.comment        0x00000000       0x59
 .comment       0x00000000       0x59 src/api/control_api.o
                                 0x5a (size before relaxing)
 .comment       0x00000059       0x5a src/api/fw_api.o
 .comment       0x00000059       0x5a src/apps/control.o
 .comment       0x00000059       0x5a src/apps/signal_pwm.o
 .comment       0x00000059       0x5a src/apps/system.o
 .comment       0x00000059       0x5a src/apps/usb.o
 .comment       0x00000059       0x5a src/apps_dsp/index.o
 .comment       0x00000059       0x5a src/apps_dsp/signal_adc.o
 .comment       0x00000059       0x5a src/apps_dsp/signal_processing.o
 .comment       0x00000059       0x5a src/apps_dsp/trend.o
 .comment       0x00000059       0x5a src/ASF/common/services/sleepmgr/sam/sleepmgr.o
 .comment       0x00000059       0x5a src/ASF/common/services/usb/class/cdc/device/udi_cdc.o
 .comment       0x00000059       0x5a src/ASF/common/services/usb/class/cdc/device/udi_cdc_desc.o
 .comment       0x00000059       0x5a src/ASF/common/services/usb/udc/udc.o
 .comment       0x00000059       0x5a src/ASF/sam/drivers/adc/adc.o
 .comment       0x00000059       0x5a src/ASF/sam/drivers/pdc/pdc.o
 .comment       0x00000059       0x5a src/ASF/sam/drivers/pio/pio_handler.o
 .comment       0x00000059       0x5a src/ASF/sam/drivers/pwm/pwm.o
 .comment       0x00000059       0x5a src/ASF/sam/drivers/uart/uart.o
 .comment       0x00000059       0x5a src/ASF/sam/drivers/udp/udp_device.o
 .comment       0x00000059       0x5a src/comm/app_layer.o
 .comment       0x00000059       0x5a src/comm/comm.o
 .comment       0x00000059       0x5a src/utils/byte_string_operations.o
 .comment       0x00000059       0x5a src/utils/lut.o
 .comment       0x00000059       0x5a src/ASF/common/services/delay/sam/cycle_counter.o
 .comment       0x00000059       0x5a src/ASF/common/services/clock/sam4s/sysclk.o
 .comment       0x00000059       0x5a src/ASF/sam/drivers/pio/pio.o
 .comment       0x00000059       0x5a src/ASF/sam/drivers/pmc/pmc.o
 .comment       0x00000059       0x5a src/ASF/sam/drivers/pmc/sleep.o
 .comment       0x00000059       0x5a src/ASF/common/utils/interrupt/interrupt_sam_nvic.o
 .comment       0x00000059       0x5a src/ASF/sam/utils/cmsis/sam4s/source/templates/gcc/startup_sam4s.o
 .comment       0x00000059       0x5a src/ASF/sam/utils/cmsis/sam4s/source/templates/system_sam4s.o
 .comment       0x00000059       0x5a src/main.o

.debug_frame    0x00000000      0x528
 .debug_frame   0x00000000       0x44 c:/program files (x86)/atmel/studio/7.0/toolchain/arm/arm-gnu-toolchain/bin/../lib/gcc/arm-none-eabi/6.3.1/../../../../arm-none-eabi/lib/thumb/v7e-m\libm.a(lib_a-w_sqrt.o)
 .debug_frame   0x00000044       0x34 c:/program files (x86)/atmel/studio/7.0/toolchain/arm/arm-gnu-toolchain/bin/../lib/gcc/arm-none-eabi/6.3.1/../../../../arm-none-eabi/lib/thumb/v7e-m\libm.a(lib_a-e_sqrt.o)
 .debug_frame   0x00000078       0x20 c:/program files (x86)/atmel/studio/7.0/toolchain/arm/arm-gnu-toolchain/bin/../lib/gcc/arm-none-eabi/6.3.1/../../../../arm-none-eabi/lib/thumb/v7e-m\libm.a(lib_a-s_matherr.o)
 .debug_frame   0x00000098       0xac c:/program files (x86)/atmel/studio/7.0/toolchain/arm/arm-gnu-toolchain/bin/../lib/gcc/arm-none-eabi/6.3.1/thumb/v7e-m\libgcc.a(_arm_addsubdf3.o)
 .debug_frame   0x00000144       0x50 c:/program files (x86)/atmel/studio/7.0/toolchain/arm/arm-gnu-toolchain/bin/../lib/gcc/arm-none-eabi/6.3.1/thumb/v7e-m\libgcc.a(_arm_muldivdf3.o)
 .debug_frame   0x00000194       0xc4 c:/program files (x86)/atmel/studio/7.0/toolchain/arm/arm-gnu-toolchain/bin/../lib/gcc/arm-none-eabi/6.3.1/thumb/v7e-m\libgcc.a(_arm_cmpdf2.o)
 .debug_frame   0x00000258       0x20 c:/program files (x86)/atmel/studio/7.0/toolchain/arm/arm-gnu-toolchain/bin/../lib/gcc/arm-none-eabi/6.3.1/thumb/v7e-m\libgcc.a(_arm_unorddf2.o)
 .debug_frame   0x00000278       0x24 c:/program files (x86)/atmel/studio/7.0/toolchain/arm/arm-gnu-toolchain/bin/../lib/gcc/arm-none-eabi/6.3.1/thumb/v7e-m\libgcc.a(_arm_fixdfsi.o)
 .debug_frame   0x0000029c       0x44 c:/program files (x86)/atmel/studio/7.0/toolchain/arm/arm-gnu-toolchain/bin/../lib/gcc/arm-none-eabi/6.3.1/thumb/v7e-m\libgcc.a(_aeabi_ldivmod.o)
 .debug_frame   0x000002e0       0x34 c:/program files (x86)/atmel/studio/7.0/toolchain/arm/arm-gnu-toolchain/bin/../lib/gcc/arm-none-eabi/6.3.1/thumb/v7e-m\libgcc.a(_udivmoddi4.o)
 .debug_frame   0x00000314       0x20 c:/program files (x86)/atmel/studio/7.0/toolchain/arm/arm-gnu-toolchain/bin/../lib/gcc/arm-none-eabi/6.3.1/../../../../arm-none-eabi/lib/thumb/v7e-m\libc.a(lib_a-errno.o)
 .debug_frame   0x00000334       0x2c c:/program files (x86)/atmel/studio/7.0/toolchain/arm/arm-gnu-toolchain/bin/../lib/gcc/arm-none-eabi/6.3.1/../../../../arm-none-eabi/lib/thumb/v7e-m\libc.a(lib_a-init.o)
 .debug_frame   0x00000360       0x34 c:/program files (x86)/atmel/studio/7.0/toolchain/arm/arm-gnu-toolchain/bin/../lib/gcc/arm-none-eabi/6.3.1/../../../../arm-none-eabi/lib/thumb/v7e-m\libc.a(lib_a-memset.o)
 .debug_frame   0x00000394       0x5c c:/program files (x86)/atmel/studio/7.0/toolchain/arm/arm-gnu-toolchain/bin/../lib/gcc/arm-none-eabi/6.3.1/../../../../arm-none-eabi/lib/thumb/v7e-m\libc.a(lib_a-__call_atexit.o)
 .debug_frame   0x000003f0       0x20 c:/program files (x86)/atmel/studio/7.0/toolchain/arm/arm-gnu-toolchain/bin/../lib/gcc/arm-none-eabi/6.3.1/../../../../arm-none-eabi/lib/thumb/v7e-m\libc.a(lib_a-atexit.o)
 .debug_frame   0x00000410       0x34 c:/program files (x86)/atmel/studio/7.0/toolchain/arm/arm-gnu-toolchain/bin/../lib/gcc/arm-none-eabi/6.3.1/../../../../arm-none-eabi/lib/thumb/v7e-m\libc.a(lib_a-fini.o)
 .debug_frame   0x00000444       0xb0 c:/program files (x86)/atmel/studio/7.0/toolchain/arm/arm-gnu-toolchain/bin/../lib/gcc/arm-none-eabi/6.3.1/../../../../arm-none-eabi/lib/thumb/v7e-m\libc.a(lib_a-lock.o)
 .debug_frame   0x000004f4       0x34 c:/program files (x86)/atmel/studio/7.0/toolchain/arm/arm-gnu-toolchain/bin/../lib/gcc/arm-none-eabi/6.3.1/../../../../arm-none-eabi/lib/thumb/v7e-m\libc.a(lib_a-__atexit.o)

Cross Reference Table

Symbol                                            File
ACC_Handler                                       src/ASF/sam/utils/cmsis/sam4s/source/templates/gcc/startup_sam4s.o
ADC_Handler                                       src/main.o
                                                  src/ASF/sam/utils/cmsis/sam4s/source/templates/gcc/startup_sam4s.o
API_CONTROL_set_custom_lut_req                    src/api/control_api.o
                                                  src/comm/app_layer.o
API_CONTROL_set_pwm_duty_req                      src/api/control_api.o
                                                  src/comm/app_layer.o
API_CONTROL_set_signal_params_req                 src/api/control_api.o
                                                  src/comm/app_layer.o
API_CONTROL_start_req                             src/api/control_api.o
                                                  src/comm/app_layer.o
API_CONTROL_stop_req                              src/api/control_api.o
                                                  src/comm/app_layer.o
API_CONTROL_telemetry_req                         src/api/control_api.o
                                                  src/comm/app_layer.o
API_CONTROL_trend_req                             src/api/control_api.o
                                                  src/comm/app_layer.o
API_CONTROL_use_custom_lut_req                    src/api/control_api.o
                                                  src/comm/app_layer.o
API_FW_ARM_echo_req                               src/api/fw_api.o
                                                  src/comm/app_layer.o
API_FW_ARM_unknow_msg_id                          src/api/fw_api.o
                                                  src/comm/app_layer.o
API_FW_ARM_version_req                            src/api/fw_api.o
                                                  src/comm/app_layer.o
BusFault_Handler                                  src/ASF/sam/utils/cmsis/sam4s/source/templates/gcc/startup_sam4s.o
CRCCU_Handler                                     src/ASF/sam/utils/cmsis/sam4s/source/templates/gcc/startup_sam4s.o
DACC_Handler                                      src/ASF/sam/utils/cmsis/sam4s/source/templates/gcc/startup_sam4s.o
DebugMon_Handler                                  src/ASF/sam/utils/cmsis/sam4s/source/templates/gcc/startup_sam4s.o
Dummy_Handler                                     src/ASF/sam/utils/cmsis/sam4s/source/templates/gcc/startup_sam4s.o
EFC0_Handler                                      src/ASF/sam/utils/cmsis/sam4s/source/templates/gcc/startup_sam4s.o
HSMCI_Handler                                     src/ASF/sam/utils/cmsis/sam4s/source/templates/gcc/startup_sam4s.o
HardFault_Handler                                 src/ASF/sam/utils/cmsis/sam4s/source/templates/gcc/startup_sam4s.o
MemManage_Handler                                 src/ASF/sam/utils/cmsis/sam4s/source/templates/gcc/startup_sam4s.o
NMI_Handler                                       src/ASF/sam/utils/cmsis/sam4s/source/templates/gcc/startup_sam4s.o
PIOA_Handler                                      src/ASF/sam/drivers/pio/pio_handler.o
PIOB_Handler                                      src/ASF/sam/drivers/pio/pio_handler.o
PMC_Handler                                       src/ASF/sam/utils/cmsis/sam4s/source/templates/gcc/startup_sam4s.o
PWM_Handler                                       src/main.o
                                                  src/ASF/sam/utils/cmsis/sam4s/source/templates/gcc/startup_sam4s.o
PendSV_Handler                                    src/ASF/sam/utils/cmsis/sam4s/source/templates/gcc/startup_sam4s.o
RSTC_Handler                                      src/ASF/sam/utils/cmsis/sam4s/source/templates/gcc/startup_sam4s.o
RTC_Handler                                       src/ASF/sam/utils/cmsis/sam4s/source/templates/gcc/startup_sam4s.o
RTT_Handler                                       src/ASF/sam/utils/cmsis/sam4s/source/templates/gcc/startup_sam4s.o
Reset_Handler                                     src/ASF/sam/utils/cmsis/sam4s/source/templates/gcc/startup_sam4s.o
SPI_Handler                                       src/ASF/sam/utils/cmsis/sam4s/source/templates/gcc/startup_sam4s.o
SSC_Handler                                       src/ASF/sam/utils/cmsis/sam4s/source/templates/gcc/startup_sam4s.o
SUPC_Handler                                      src/ASF/sam/utils/cmsis/sam4s/source/templates/gcc/startup_sam4s.o
SVC_Handler                                       src/ASF/sam/utils/cmsis/sam4s/source/templates/gcc/startup_sam4s.o
SysTick_Handler                                   src/main.o
                                                  src/ASF/sam/utils/cmsis/sam4s/source/templates/gcc/startup_sam4s.o
SystemCoreClock                                   src/ASF/sam/utils/cmsis/sam4s/source/templates/system_sam4s.o
SystemCoreClockUpdate                             src/ASF/sam/utils/cmsis/sam4s/source/templates/system_sam4s.o
                                                  src/ASF/common/services/clock/sam4s/sysclk.o
SystemInit                                        src/ASF/sam/utils/cmsis/sam4s/source/templates/system_sam4s.o
TC0_Handler                                       src/ASF/sam/utils/cmsis/sam4s/source/templates/gcc/startup_sam4s.o
TC1_Handler                                       src/ASF/sam/utils/cmsis/sam4s/source/templates/gcc/startup_sam4s.o
TC2_Handler                                       src/ASF/sam/utils/cmsis/sam4s/source/templates/gcc/startup_sam4s.o
TWI0_Handler                                      src/ASF/sam/utils/cmsis/sam4s/source/templates/gcc/startup_sam4s.o
TWI1_Handler                                      src/ASF/sam/utils/cmsis/sam4s/source/templates/gcc/startup_sam4s.o
UART0_Handler                                     src/ASF/sam/utils/cmsis/sam4s/source/templates/gcc/startup_sam4s.o
UART1_Handler                                     src/main.o
                                                  src/ASF/sam/utils/cmsis/sam4s/source/templates/gcc/startup_sam4s.o
UART_PC_msg                                       src/comm/comm.o
UDP_Handler                                       src/ASF/sam/drivers/udp/udp_device.o
USART0_Handler                                    src/ASF/sam/utils/cmsis/sam4s/source/templates/gcc/startup_sam4s.o
USART1_Handler                                    src/ASF/sam/utils/cmsis/sam4s/source/templates/gcc/startup_sam4s.o
USB_PC_msg                                        src/comm/comm.o
UsageFault_Handler                                src/ASF/sam/utils/cmsis/sam4s/source/templates/gcc/startup_sam4s.o
WDT_Handler                                       src/ASF/sam/utils/cmsis/sam4s/source/templates/gcc/startup_sam4s.o
_Jv_RegisterClasses                               c:/program files (x86)/atmel/studio/7.0/toolchain/arm/arm-gnu-toolchain/bin/../lib/gcc/arm-none-eabi/6.3.1/thumb/v7e-m/crtbegin.o
_PathLocale                                       c:/program files (x86)/atmel/studio/7.0/toolchain/arm/arm-gnu-toolchain/bin/../lib/gcc/arm-none-eabi/6.3.1/../../../../arm-none-eabi/lib/thumb/v7e-m\libc.a(lib_a-locale.o)
__adddf3                                          c:/program files (x86)/atmel/studio/7.0/toolchain/arm/arm-gnu-toolchain/bin/../lib/gcc/arm-none-eabi/6.3.1/thumb/v7e-m\libgcc.a(_arm_addsubdf3.o)
__aeabi_cdcmpeq                                   c:/program files (x86)/atmel/studio/7.0/toolchain/arm/arm-gnu-toolchain/bin/../lib/gcc/arm-none-eabi/6.3.1/thumb/v7e-m\libgcc.a(_arm_cmpdf2.o)
__aeabi_cdcmple                                   c:/program files (x86)/atmel/studio/7.0/toolchain/arm/arm-gnu-toolchain/bin/../lib/gcc/arm-none-eabi/6.3.1/thumb/v7e-m\libgcc.a(_arm_cmpdf2.o)
__aeabi_cdrcmple                                  c:/program files (x86)/atmel/studio/7.0/toolchain/arm/arm-gnu-toolchain/bin/../lib/gcc/arm-none-eabi/6.3.1/thumb/v7e-m\libgcc.a(_arm_cmpdf2.o)
__aeabi_d2iz                                      c:/program files (x86)/atmel/studio/7.0/toolchain/arm/arm-gnu-toolchain/bin/../lib/gcc/arm-none-eabi/6.3.1/thumb/v7e-m\libgcc.a(_arm_fixdfsi.o)
                                                  src/apps_dsp/trend.o
                                                  src/apps_dsp/index.o
__aeabi_dadd                                      c:/program files (x86)/atmel/studio/7.0/toolchain/arm/arm-gnu-toolchain/bin/../lib/gcc/arm-none-eabi/6.3.1/thumb/v7e-m\libgcc.a(_arm_addsubdf3.o)
                                                  c:/program files (x86)/atmel/studio/7.0/toolchain/arm/arm-gnu-toolchain/bin/../lib/gcc/arm-none-eabi/6.3.1/../../../../arm-none-eabi/lib/thumb/v7e-m\libm.a(lib_a-e_sqrt.o)
__aeabi_dcmpeq                                    c:/program files (x86)/atmel/studio/7.0/toolchain/arm/arm-gnu-toolchain/bin/../lib/gcc/arm-none-eabi/6.3.1/thumb/v7e-m\libgcc.a(_arm_cmpdf2.o)
__aeabi_dcmpge                                    c:/program files (x86)/atmel/studio/7.0/toolchain/arm/arm-gnu-toolchain/bin/../lib/gcc/arm-none-eabi/6.3.1/thumb/v7e-m\libgcc.a(_arm_cmpdf2.o)
__aeabi_dcmpgt                                    c:/program files (x86)/atmel/studio/7.0/toolchain/arm/arm-gnu-toolchain/bin/../lib/gcc/arm-none-eabi/6.3.1/thumb/v7e-m\libgcc.a(_arm_cmpdf2.o)
__aeabi_dcmple                                    c:/program files (x86)/atmel/studio/7.0/toolchain/arm/arm-gnu-toolchain/bin/../lib/gcc/arm-none-eabi/6.3.1/thumb/v7e-m\libgcc.a(_arm_cmpdf2.o)
__aeabi_dcmplt                                    c:/program files (x86)/atmel/studio/7.0/toolchain/arm/arm-gnu-toolchain/bin/../lib/gcc/arm-none-eabi/6.3.1/thumb/v7e-m\libgcc.a(_arm_cmpdf2.o)
                                                  c:/program files (x86)/atmel/studio/7.0/toolchain/arm/arm-gnu-toolchain/bin/../lib/gcc/arm-none-eabi/6.3.1/../../../../arm-none-eabi/lib/thumb/v7e-m\libm.a(lib_a-w_sqrt.o)
__aeabi_dcmpun                                    c:/program files (x86)/atmel/studio/7.0/toolchain/arm/arm-gnu-toolchain/bin/../lib/gcc/arm-none-eabi/6.3.1/thumb/v7e-m\libgcc.a(_arm_unorddf2.o)
                                                  c:/program files (x86)/atmel/studio/7.0/toolchain/arm/arm-gnu-toolchain/bin/../lib/gcc/arm-none-eabi/6.3.1/../../../../arm-none-eabi/lib/thumb/v7e-m\libm.a(lib_a-w_sqrt.o)
__aeabi_ddiv                                      c:/program files (x86)/atmel/studio/7.0/toolchain/arm/arm-gnu-toolchain/bin/../lib/gcc/arm-none-eabi/6.3.1/thumb/v7e-m\libgcc.a(_arm_muldivdf3.o)
                                                  c:/program files (x86)/atmel/studio/7.0/toolchain/arm/arm-gnu-toolchain/bin/../lib/gcc/arm-none-eabi/6.3.1/../../../../arm-none-eabi/lib/thumb/v7e-m\libm.a(lib_a-e_sqrt.o)
                                                  c:/program files (x86)/atmel/studio/7.0/toolchain/arm/arm-gnu-toolchain/bin/../lib/gcc/arm-none-eabi/6.3.1/../../../../arm-none-eabi/lib/thumb/v7e-m\libm.a(lib_a-w_sqrt.o)
__aeabi_dmul                                      c:/program files (x86)/atmel/studio/7.0/toolchain/arm/arm-gnu-toolchain/bin/../lib/gcc/arm-none-eabi/6.3.1/thumb/v7e-m\libgcc.a(_arm_muldivdf3.o)
                                                  c:/program files (x86)/atmel/studio/7.0/toolchain/arm/arm-gnu-toolchain/bin/../lib/gcc/arm-none-eabi/6.3.1/../../../../arm-none-eabi/lib/thumb/v7e-m\libm.a(lib_a-e_sqrt.o)
__aeabi_drsub                                     c:/program files (x86)/atmel/studio/7.0/toolchain/arm/arm-gnu-toolchain/bin/../lib/gcc/arm-none-eabi/6.3.1/thumb/v7e-m\libgcc.a(_arm_addsubdf3.o)
__aeabi_dsub                                      c:/program files (x86)/atmel/studio/7.0/toolchain/arm/arm-gnu-toolchain/bin/../lib/gcc/arm-none-eabi/6.3.1/thumb/v7e-m\libgcc.a(_arm_addsubdf3.o)
                                                  c:/program files (x86)/atmel/studio/7.0/toolchain/arm/arm-gnu-toolchain/bin/../lib/gcc/arm-none-eabi/6.3.1/../../../../arm-none-eabi/lib/thumb/v7e-m\libm.a(lib_a-e_sqrt.o)
__aeabi_f2d                                       c:/program files (x86)/atmel/studio/7.0/toolchain/arm/arm-gnu-toolchain/bin/../lib/gcc/arm-none-eabi/6.3.1/thumb/v7e-m\libgcc.a(_arm_addsubdf3.o)
__aeabi_i2d                                       c:/program files (x86)/atmel/studio/7.0/toolchain/arm/arm-gnu-toolchain/bin/../lib/gcc/arm-none-eabi/6.3.1/thumb/v7e-m\libgcc.a(_arm_addsubdf3.o)
__aeabi_idiv0                                     c:/program files (x86)/atmel/studio/7.0/toolchain/arm/arm-gnu-toolchain/bin/../lib/gcc/arm-none-eabi/6.3.1/thumb/v7e-m\libgcc.a(_dvmd_tls.o)
__aeabi_l2d                                       c:/program files (x86)/atmel/studio/7.0/toolchain/arm/arm-gnu-toolchain/bin/../lib/gcc/arm-none-eabi/6.3.1/thumb/v7e-m\libgcc.a(_arm_addsubdf3.o)
                                                  src/apps_dsp/trend.o
                                                  src/apps_dsp/index.o
__aeabi_ldiv0                                     c:/program files (x86)/atmel/studio/7.0/toolchain/arm/arm-gnu-toolchain/bin/../lib/gcc/arm-none-eabi/6.3.1/thumb/v7e-m\libgcc.a(_dvmd_tls.o)
                                                  c:/program files (x86)/atmel/studio/7.0/toolchain/arm/arm-gnu-toolchain/bin/../lib/gcc/arm-none-eabi/6.3.1/thumb/v7e-m\libgcc.a(_aeabi_uldivmod.o)
                                                  c:/program files (x86)/atmel/studio/7.0/toolchain/arm/arm-gnu-toolchain/bin/../lib/gcc/arm-none-eabi/6.3.1/thumb/v7e-m\libgcc.a(_aeabi_ldivmod.o)
__aeabi_ldivmod                                   c:/program files (x86)/atmel/studio/7.0/toolchain/arm/arm-gnu-toolchain/bin/../lib/gcc/arm-none-eabi/6.3.1/thumb/v7e-m\libgcc.a(_aeabi_ldivmod.o)
                                                  src/apps_dsp/trend.o
                                                  src/apps_dsp/loop.o
                                                  src/apps_dsp/index.o
__aeabi_ui2d                                      c:/program files (x86)/atmel/studio/7.0/toolchain/arm/arm-gnu-toolchain/bin/../lib/gcc/arm-none-eabi/6.3.1/thumb/v7e-m\libgcc.a(_arm_addsubdf3.o)
__aeabi_ul2d                                      c:/program files (x86)/atmel/studio/7.0/toolchain/arm/arm-gnu-toolchain/bin/../lib/gcc/arm-none-eabi/6.3.1/thumb/v7e-m\libgcc.a(_arm_addsubdf3.o)
__aeabi_uldivmod                                  c:/program files (x86)/atmel/studio/7.0/toolchain/arm/arm-gnu-toolchain/bin/../lib/gcc/arm-none-eabi/6.3.1/thumb/v7e-m\libgcc.a(_aeabi_uldivmod.o)
                                                  c:/program files (x86)/atmel/studio/7.0/toolchain/arm/arm-gnu-toolchain/bin/../lib/gcc/arm-none-eabi/6.3.1/../../../../arm-none-eabi/lib/thumb/v7e-m\libc.a(lib_a-vfiprintf.o)
__ascii_mbtowc                                    c:/program files (x86)/atmel/studio/7.0/toolchain/arm/arm-gnu-toolchain/bin/../lib/gcc/arm-none-eabi/6.3.1/../../../../arm-none-eabi/lib/thumb/v7e-m\libc.a(lib_a-mbtowc_r.o)
                                                  c:/program files (x86)/atmel/studio/7.0/toolchain/arm/arm-gnu-toolchain/bin/../lib/gcc/arm-none-eabi/6.3.1/../../../../arm-none-eabi/lib/thumb/v7e-m\libc.a(lib_a-locale.o)
__ascii_wctomb                                    c:/program files (x86)/atmel/studio/7.0/toolchain/arm/arm-gnu-toolchain/bin/../lib/gcc/arm-none-eabi/6.3.1/../../../../arm-none-eabi/lib/thumb/v7e-m\libc.a(lib_a-wctomb_r.o)
                                                  c:/program files (x86)/atmel/studio/7.0/toolchain/arm/arm-gnu-toolchain/bin/../lib/gcc/arm-none-eabi/6.3.1/../../../../arm-none-eabi/lib/thumb/v7e-m\libc.a(lib_a-locale.o)
__atexit_recursive_mutex                          c:/program files (x86)/atmel/studio/7.0/toolchain/arm/arm-gnu-toolchain/bin/../lib/gcc/arm-none-eabi/6.3.1/../../../../arm-none-eabi/lib/thumb/v7e-m\libc.a(lib_a-__call_atexit.o)
                                                  c:/program files (x86)/atmel/studio/7.0/toolchain/arm/arm-gnu-toolchain/bin/../lib/gcc/arm-none-eabi/6.3.1/../../../../arm-none-eabi/lib/thumb/v7e-m\libc.a(lib_a-__atexit.o)
__bss_end__                                       c:/program files (x86)/atmel/studio/7.0/toolchain/arm/arm-gnu-toolchain/bin/../lib/gcc/arm-none-eabi/6.3.1/../../../../arm-none-eabi/lib/thumb/v7e-m/crt0.o
__bss_start__                                     c:/program files (x86)/atmel/studio/7.0/toolchain/arm/arm-gnu-toolchain/bin/../lib/gcc/arm-none-eabi/6.3.1/../../../../arm-none-eabi/lib/thumb/v7e-m/crt0.o
__call_exitprocs                                  c:/program files (x86)/atmel/studio/7.0/toolchain/arm/arm-gnu-toolchain/bin/../lib/gcc/arm-none-eabi/6.3.1/../../../../arm-none-eabi/lib/thumb/v7e-m\libc.a(lib_a-__call_atexit.o)
                                                  c:/program files (x86)/atmel/studio/7.0/toolchain/arm/arm-gnu-toolchain/bin/../lib/gcc/arm-none-eabi/6.3.1/../../../../arm-none-eabi/lib/thumb/v7e-m\libc.a(lib_a-exit.o)
__cmpdf2                                          c:/program files (x86)/atmel/studio/7.0/toolchain/arm/arm-gnu-toolchain/bin/../lib/gcc/arm-none-eabi/6.3.1/thumb/v7e-m\libgcc.a(_arm_cmpdf2.o)
__deregister_frame_info                           c:/program files (x86)/atmel/studio/7.0/toolchain/arm/arm-gnu-toolchain/bin/../lib/gcc/arm-none-eabi/6.3.1/thumb/v7e-m/crtbegin.o
__divdf3                                          c:/program files (x86)/atmel/studio/7.0/toolchain/arm/arm-gnu-toolchain/bin/../lib/gcc/arm-none-eabi/6.3.1/thumb/v7e-m\libgcc.a(_arm_muldivdf3.o)
__dso_handle                                      c:/program files (x86)/atmel/studio/7.0/toolchain/arm/arm-gnu-toolchain/bin/../lib/gcc/arm-none-eabi/6.3.1/thumb/v7e-m/crtbegin.o
__eqdf2                                           c:/program files (x86)/atmel/studio/7.0/toolchain/arm/arm-gnu-toolchain/bin/../lib/gcc/arm-none-eabi/6.3.1/thumb/v7e-m\libgcc.a(_arm_cmpdf2.o)
__errno                                           c:/program files (x86)/atmel/studio/7.0/toolchain/arm/arm-gnu-toolchain/bin/../lib/gcc/arm-none-eabi/6.3.1/../../../../arm-none-eabi/lib/thumb/v7e-m\libc.a(lib_a-errno.o)
                                                  c:/program files (x86)/atmel/studio/7.0/toolchain/arm/arm-gnu-toolchain/bin/../lib/gcc/arm-none-eabi/6.3.1/../../../../arm-none-eabi/lib/thumb/v7e-m\libm.a(lib_a-w_sqrt.o)
__extendsfdf2                                     c:/program files (x86)/atmel/studio/7.0/toolchain/arm/arm-gnu-toolchain/bin/../lib/gcc/arm-none-eabi/6.3.1/thumb/v7e-m\libgcc.a(_arm_addsubdf3.o)
__fdlib_version                                   c:/program files (x86)/atmel/studio/7.0/toolchain/arm/arm-gnu-toolchain/bin/../lib/gcc/arm-none-eabi/6.3.1/../../../../arm-none-eabi/lib/thumb/v7e-m\libm.a(lib_a-s_lib_ver.o)
                                                  c:/program files (x86)/atmel/studio/7.0/toolchain/arm/arm-gnu-toolchain/bin/../lib/gcc/arm-none-eabi/6.3.1/../../../../arm-none-eabi/lib/thumb/v7e-m\libm.a(lib_a-w_sqrt.o)
__fini_array_end                                  c:/program files (x86)/atmel/studio/7.0/toolchain/arm/arm-gnu-toolchain/bin/../lib/gcc/arm-none-eabi/6.3.1/../../../../arm-none-eabi/lib/thumb/v7e-m\libc.a(lib_a-fini.o)
__fini_array_start                                c:/program files (x86)/atmel/studio/7.0/toolchain/arm/arm-gnu-toolchain/bin/../lib/gcc/arm-none-eabi/6.3.1/../../../../arm-none-eabi/lib/thumb/v7e-m\libc.a(lib_a-fini.o)
__fixdfsi                                         c:/program files (x86)/atmel/studio/7.0/toolchain/arm/arm-gnu-toolchain/bin/../lib/gcc/arm-none-eabi/6.3.1/thumb/v7e-m\libgcc.a(_arm_fixdfsi.o)
__floatdidf                                       c:/program files (x86)/atmel/studio/7.0/toolchain/arm/arm-gnu-toolchain/bin/../lib/gcc/arm-none-eabi/6.3.1/thumb/v7e-m\libgcc.a(_arm_addsubdf3.o)
__floatsidf                                       c:/program files (x86)/atmel/studio/7.0/toolchain/arm/arm-gnu-toolchain/bin/../lib/gcc/arm-none-eabi/6.3.1/thumb/v7e-m\libgcc.a(_arm_addsubdf3.o)
__floatundidf                                     c:/program files (x86)/atmel/studio/7.0/toolchain/arm/arm-gnu-toolchain/bin/../lib/gcc/arm-none-eabi/6.3.1/thumb/v7e-m\libgcc.a(_arm_addsubdf3.o)
__floatunsidf                                     c:/program files (x86)/atmel/studio/7.0/toolchain/arm/arm-gnu-toolchain/bin/../lib/gcc/arm-none-eabi/6.3.1/thumb/v7e-m\libgcc.a(_arm_addsubdf3.o)
__fp_lock_all                                     c:/program files (x86)/atmel/studio/7.0/toolchain/arm/arm-gnu-toolchain/bin/../lib/gcc/arm-none-eabi/6.3.1/../../../../arm-none-eabi/lib/thumb/v7e-m\libc.a(lib_a-findfp.o)
__fp_unlock_all                                   c:/program files (x86)/atmel/studio/7.0/toolchain/arm/arm-gnu-toolchain/bin/../lib/gcc/arm-none-eabi/6.3.1/../../../../arm-none-eabi/lib/thumb/v7e-m\libc.a(lib_a-findfp.o)